Archive member included because of file (symbol)

/home/will/.pebble-sdk/SDKs/current/sdk-core/pebble/basalt/lib/libpebble.a(tmpFRPTsFpebble.o)
                              src/simply/simply_accel.c.10.o (accel_data_service_unsubscribe)
/home/will/pebble-dev/pebble-sdk-4.5-linux64/arm-cs-tools/bin/../lib/gcc/arm-none-eabi/4.7.2/thumb2/libgcc.a(_aeabi_ldivmod.o)
                              src/simply/simply_menu.c.10.o (__aeabi_ldivmod)
/home/will/pebble-dev/pebble-sdk-4.5-linux64/arm-cs-tools/bin/../lib/gcc/arm-none-eabi/4.7.2/thumb2/libgcc.a(bpabi.o)
                              /home/will/pebble-dev/pebble-sdk-4.5-linux64/arm-cs-tools/bin/../lib/gcc/arm-none-eabi/4.7.2/thumb2/libgcc.a(_aeabi_ldivmod.o) (__gnu_ldivmod_helper)
/home/will/pebble-dev/pebble-sdk-4.5-linux64/arm-cs-tools/bin/../lib/gcc/arm-none-eabi/4.7.2/thumb2/libgcc.a(_dvmd_tls.o)
                              /home/will/pebble-dev/pebble-sdk-4.5-linux64/arm-cs-tools/bin/../lib/gcc/arm-none-eabi/4.7.2/thumb2/libgcc.a(_aeabi_ldivmod.o) (__aeabi_ldiv0)
/home/will/pebble-dev/pebble-sdk-4.5-linux64/arm-cs-tools/bin/../lib/gcc/arm-none-eabi/4.7.2/thumb2/libgcc.a(_divdi3.o)
                              /home/will/pebble-dev/pebble-sdk-4.5-linux64/arm-cs-tools/bin/../lib/gcc/arm-none-eabi/4.7.2/thumb2/libgcc.a(bpabi.o) (__divdi3)
/home/will/pebble-dev/pebble-sdk-4.5-linux64/arm-cs-tools/bin/../lib/gcc/arm-none-eabi/4.7.2/thumb2/libgcc.a(_udivdi3.o)
                              /home/will/pebble-dev/pebble-sdk-4.5-linux64/arm-cs-tools/bin/../lib/gcc/arm-none-eabi/4.7.2/thumb2/libgcc.a(bpabi.o) (__udivdi3)
/home/will/pebble-dev/pebble-sdk-4.5-linux64/arm-cs-tools/bin/../lib/gcc/arm-none-eabi/4.7.2/thumb2/libgcc.a(_udivsi3.o)
                              /home/will/pebble-dev/pebble-sdk-4.5-linux64/arm-cs-tools/bin/../lib/gcc/arm-none-eabi/4.7.2/thumb2/libgcc.a(_divdi3.o) (__aeabi_uidiv)

Discarded input sections

 .text          0x0000000000000000        0x0 /home/will/pebble-dev/pebble-sdk-4.5-linux64/arm-cs-tools/bin/../lib/gcc/arm-none-eabi/4.7.2/thumb2/crti.o
 .bss           0x0000000000000000        0x0 /home/will/pebble-dev/pebble-sdk-4.5-linux64/arm-cs-tools/bin/../lib/gcc/arm-none-eabi/4.7.2/thumb2/crti.o
 .init          0x0000000000000000        0x4 /home/will/pebble-dev/pebble-sdk-4.5-linux64/arm-cs-tools/bin/../lib/gcc/arm-none-eabi/4.7.2/thumb2/crti.o
 .fini          0x0000000000000000        0x4 /home/will/pebble-dev/pebble-sdk-4.5-linux64/arm-cs-tools/bin/../lib/gcc/arm-none-eabi/4.7.2/thumb2/crti.o
 .text          0x0000000000000000       0xc8 /home/will/pebble-dev/pebble-sdk-4.5-linux64/arm-cs-tools/bin/../lib/gcc/arm-none-eabi/4.7.2/thumb2/crtbegin.o
 .bss           0x0000000000000000       0x1c /home/will/pebble-dev/pebble-sdk-4.5-linux64/arm-cs-tools/bin/../lib/gcc/arm-none-eabi/4.7.2/thumb2/crtbegin.o
 .init_array    0x0000000000000000        0x4 /home/will/pebble-dev/pebble-sdk-4.5-linux64/arm-cs-tools/bin/../lib/gcc/arm-none-eabi/4.7.2/thumb2/crtbegin.o
 .fini_array    0x0000000000000000        0x4 /home/will/pebble-dev/pebble-sdk-4.5-linux64/arm-cs-tools/bin/../lib/gcc/arm-none-eabi/4.7.2/thumb2/crtbegin.o
 .eh_frame      0x0000000000000000        0x0 /home/will/pebble-dev/pebble-sdk-4.5-linux64/arm-cs-tools/bin/../lib/gcc/arm-none-eabi/4.7.2/thumb2/crtbegin.o
 .jcr           0x0000000000000000        0x0 /home/will/pebble-dev/pebble-sdk-4.5-linux64/arm-cs-tools/bin/../lib/gcc/arm-none-eabi/4.7.2/thumb2/crtbegin.o
 .tm_clone_table
                0x0000000000000000        0x0 /home/will/pebble-dev/pebble-sdk-4.5-linux64/arm-cs-tools/bin/../lib/gcc/arm-none-eabi/4.7.2/thumb2/crtbegin.o
 .text          0x0000000000000000        0x0 src/main.c.10.o
 .bss           0x0000000000000000        0x0 src/main.c.10.o
 .text          0x0000000000000000        0x0 src/simply/simply.c.10.o
 .bss           0x0000000000000000        0x0 src/simply/simply.c.10.o
 .text          0x0000000000000000        0x0 src/simply/simply_accel.c.10.o
 .bss           0x0000000000000000        0x0 src/simply/simply_accel.c.10.o
 .text          0x0000000000000000        0x0 src/simply/simply_menu.c.10.o
 .bss           0x0000000000000000        0x0 src/simply/simply_menu.c.10.o
 .text          0x0000000000000000        0x0 src/simply/simply_msg.c.10.o
 .bss           0x0000000000000000        0x0 src/simply/simply_msg.c.10.o
 .text          0x0000000000000000        0x0 src/simply/simply_res.c.10.o
 .bss           0x0000000000000000        0x0 src/simply/simply_res.c.10.o
 .text.id_filter
                0x0000000000000000        0xa src/simply/simply_res.c.10.o
 .text.simply_res_remove_image
                0x0000000000000000       0x18 src/simply/simply_res.c.10.o
 .text          0x0000000000000000        0x0 src/simply/simply_splash.c.10.o
 .bss           0x0000000000000000        0x0 src/simply/simply_splash.c.10.o
 .text          0x0000000000000000        0x0 src/simply/simply_stage.c.10.o
[...]
Memory Configuration

Name             Origin             Length             Attributes
APP              0x0000000000000000 0x0000000000010000 xrw
*default*        0x0000000000000000 0xffffffffffffffff

Linker script and memory map

LOAD /home/will/pebble-dev/pebble-sdk-4.5-linux64/arm-cs-tools/bin/../lib/gcc/arm-none-eabi/4.7.2/thumb2/crti.o
LOAD /home/will/pebble-dev/pebble-sdk-4.5-linux64/arm-cs-tools/bin/../lib/gcc/arm-none-eabi/4.7.2/thumb2/crtbegin.o
LOAD src/main.c.10.o
LOAD src/simply/simply.c.10.o
LOAD src/simply/simply_accel.c.10.o
LOAD src/simply/simply_menu.c.10.o
LOAD src/simply/simply_msg.c.10.o
LOAD src/simply/simply_res.c.10.o
LOAD src/simply/simply_splash.c.10.o
LOAD src/simply/simply_stage.c.10.o
LOAD src/simply/simply_ui.c.10.o
LOAD src/simply/simply_voice.c.10.o
LOAD src/simply/simply_wakeup.c.10.o
LOAD src/simply/simply_window.c.10.o
LOAD src/simply/simply_window_stack.c.10.o
LOAD basalt/appinfo.auto.c.10.o
LOAD basalt/src/resource_ids.auto.c.10.o
LOAD /home/will/.pebble-sdk/SDKs/current/sdk-core/pebble/basalt/lib/libpebble.a
START GROUP
LOAD /home/will/pebble-dev/pebble-sdk-4.5-linux64/arm-cs-tools/bin/../lib/gcc/arm-none-eabi/4.7.2/thumb2/libgcc.a
LOAD /home/will/pebble-dev/pebble-sdk-4.5-linux64/arm-cs-tools/bin/../lib/gcc/arm-none-eabi/4.7.2/../../../../arm-none-eabi/lib/thumb2/libc.a
END GROUP
LOAD /home/will/pebble-dev/pebble-sdk-4.5-linux64/arm-cs-tools/bin/../lib/gcc/arm-none-eabi/4.7.2/thumb2/crtend.o
LOAD /home/will/pebble-dev/pebble-sdk-4.5-linux64/arm-cs-tools/bin/../lib/gcc/arm-none-eabi/4.7.2/thumb2/crtn.o

.header         0x0000000000000000       0x82
 *(.pbl_header)
 .pbl_header    0x0000000000000000       0x82 basalt/appinfo.auto.c.10.o
                0x0000000000000000                __pbl_app_info

.note.gnu.build-id
                0x0000000000000082       0x26
                0x0000000000000082                PROVIDE (BUILD_ID, .)
 *(.note.gnu.build-id)
 *fill*         0x0000000000000082        0x2 
 .note.gnu.build-id
                0x0000000000000084       0x24 linker stubs

.text           0x00000000000000a8     0x43b7
 *(.text)
 .text          0x00000000000000a8       0x14 /home/will/.pebble-sdk/SDKs/current/sdk-core/pebble/basalt/lib/libpebble.a(tmpFRPTsFpebble.o)
 .text          0x00000000000000bc       0x38 /home/will/pebble-dev/pebble-sdk-4.5-linux64/arm-cs-tools/bin/../lib/gcc/arm-none-eabi/4.7.2/thumb2/libgcc.a(_aeabi_ldivmod.o)
                0x00000000000000bc                __aeabi_ldivmod
 .text          0x00000000000000f4       0x60 /home/will/pebble-dev/pebble-sdk-4.5-linux64/arm-cs-tools/bin/../lib/gcc/arm-none-eabi/4.7.2/thumb2/libgcc.a(bpabi.o)
                0x00000000000000f4                __gnu_ldivmod_helper
                0x0000000000000124                __gnu_uldivmod_helper
 .text          0x0000000000000154        0x4 /home/will/pebble-dev/pebble-sdk-4.5-linux64/arm-cs-tools/bin/../lib/gcc/arm-none-eabi/4.7.2/thumb2/libgcc.a(_dvmd_tls.o)
                0x0000000000000154                __aeabi_ldiv0
                0x0000000000000154                __aeabi_idiv0
 .text          0x0000000000000158      0x36c /home/will/pebble-dev/pebble-sdk-4.5-linux64/arm-cs-tools/bin/../lib/gcc/arm-none-eabi/4.7.2/thumb2/libgcc.a(_divdi3.o)
                0x0000000000000158                __divdi3
 .text          0x00000000000004c4      0x314 /home/will/pebble-dev/pebble-sdk-4.5-linux64/arm-cs-tools/bin/../lib/gcc/arm-none-eabi/4.7.2/thumb2/libgcc.a(_udivdi3.o)
                0x00000000000004c4                __udivdi3
 .text          0x00000000000007d8      0x278 /home/will/pebble-dev/pebble-sdk-4.5-linux64/arm-cs-tools/bin/../lib/gcc/arm-none-eabi/4.7.2/thumb2/libgcc.a(_udivsi3.o)
                0x00000000000007d8                __udivsi3
                0x00000000000007d8                __aeabi_uidiv
                0x0000000000000a34                __aeabi_uidivmod
 *(.text.*)
 .text.startup.main
                0x0000000000000a50       0x16 src/main.c.10.o
                0x0000000000000a50                main
 .text.simply_init
                0x0000000000000a66       0x64 src/simply/simply.c.10.o
                0x0000000000000a66                simply_init
 .text.simply_deinit
                0x0000000000000aca       0x3e src/simply/simply.c.10.o
                0x0000000000000aca                simply_deinit
 .text.handle_accel_tap
                0x0000000000000b08       0x1e src/simply/simply_accel.c.10.o
 .text.send_accel_data.isra.1
                0x0000000000000b26       0x4a src/simply/simply_accel.c.10.o
 .text.handle_accel_data
                0x0000000000000b70        0x6 src/simply/simply_accel.c.10.o
 *fill*         0x0000000000000b76        0x2 
 .text.accel_peek_timer_callback
                0x0000000000000b78       0x40 src/simply/simply_accel.c.10.o
 .text.simply_accel_handle_packet
                0x0000000000000bb8       0x6c src/simply/simply_accel.c.10.o
                0x0000000000000bb8                simply_accel_handle_packet
 .text.simply_accel_create
                0x0000000000000c24       0x38 src/simply/simply_accel.c.10.o
                0x0000000000000c24                simply_accel_create
 .text.simply_accel_destroy
                0x0000000000000c5c       0x20 src/simply/simply_accel.c.10.o
                0x0000000000000c5c                simply_accel_destroy
 .text.list1_remove
                0x0000000000000c7c       0x32 src/simply/simply_menu.c.10.o
 .text.prv_section_filter
                0x0000000000000cae        0xc src/simply/simply_menu.c.10.o
 .text.prv_item_filter
                0x0000000000000cba       0x1a src/simply/simply_menu.c.10.o
 .text.prv_request_item_filter
                0x0000000000000cd4        0xc src/simply/simply_menu.c.10.o
 .text.prv_menu_get_num_sections_callback
                0x0000000000000ce0        0x4 src/simply/simply_menu.c.10.o
 .text.prv_free_title
                0x0000000000000ce4       0x20 src/simply/simply_menu.c.10.o
 .text.prv_destroy_section
                0x0000000000000d04       0x20 src/simply/simply_menu.c.10.o
 .text.prv_destroy_item
                0x0000000000000d24       0x28 src/simply/simply_menu.c.10.o
 .text.prv_menu_window_unload
                0x0000000000000d4c       0x1c src/simply/simply_menu.c.10.o
 .text.prv_reload_data
                0x0000000000000d68        0xa src/simply/simply_menu.c.10.o
 .text.simply_menu_clear
                0x0000000000000d72       0x28 src/simply/simply_menu.c.10.o
 .text.prv_menu_window_disappear
                0x0000000000000d9a       0x22 src/simply/simply_menu.c.10.o
 .text.prv_menu_window_appear
                0x0000000000000dbc        0xe src/simply/simply_menu.c.10.o
 .text.prv_single_click_handler
                0x0000000000000dca       0x1a src/simply/simply_menu.c.10.o
 .text.gpoint_polar
                0x0000000000000de4       0x34 src/simply/simply_menu.c.10.o
 .text.prv_mark_dirty
                0x0000000000000e18       0x14 src/simply/simply_menu.c.10.o
 .text.strdup2  0x0000000000000e2c       0x44 src/simply/simply_menu.c.10.o
 .text.prv_menu_window_load
                0x0000000000000e70       0xf0 src/simply/simply_menu.c.10.o
 .text.list1_find_prev.constprop.8
                0x0000000000000f60       0x1c src/simply/simply_menu.c.10.o
 .text.refresh_spinner_timer
                0x0000000000000f7c       0x2c src/simply/simply_menu.c.10.o
 .text.spinner_timer_callback
                0x0000000000000fa8       0x16 src/simply/simply_menu.c.10.o
 *fill*         0x0000000000000fbe        0x2 
 .text.prv_click_config_provider
                0x0000000000000fc0       0x24 src/simply/simply_menu.c.10.o
 .text.prv_add_item
                0x0000000000000fe4       0x58 src/simply/simply_menu.c.10.o
 .text.prv_get_menu_section
                0x000000000000103c       0x10 src/simply/simply_menu.c.10.o
 .text.prv_menu_get_num_rows_callback
                0x000000000000104c       0x12 src/simply/simply_menu.c.10.o
 *fill*         0x000000000000105e        0x2 
 .text.prv_menu_get_header_height_callback
                0x0000000000001060       0x24 src/simply/simply_menu.c.10.o
 .text.prv_menu_select_long_click_callback
                0x0000000000001084       0x22 src/simply/simply_menu.c.10.o
 .text.prv_menu_select_click_callback
                0x00000000000010a6       0x22 src/simply/simply_menu.c.10.o
 .text.prv_add_section
                0x00000000000010c8       0x50 src/simply/simply_menu.c.10.o
 .text.prv_request_menu_section.part.2
                0x0000000000001118       0x3e src/simply/simply_menu.c.10.o
 *fill*         0x0000000000001156        0x2 
 .text.prv_menu_draw_row_callback
                0x0000000000001158      0x274 src/simply/simply_menu.c.10.o
 .text.prv_menu_draw_header_callback
                0x00000000000013cc       0xc4 src/simply/simply_menu.c.10.o
 .text.simply_menu_handle_packet
                0x0000000000001490      0x1ec src/simply/simply_menu.c.10.o
                0x0000000000001490                simply_menu_handle_packet
 .text.simply_menu_create
                0x000000000000167c       0x3c src/simply/simply_menu.c.10.o
                0x000000000000167c                simply_menu_create
 .text.simply_menu_destroy
                0x00000000000016b8       0x16 src/simply/simply_menu.c.10.o
                0x00000000000016b8                simply_menu_destroy
 .text.list1_remove
                0x00000000000016ce       0x32 src/simply/simply_msg.c.10.o
 .text.dropped_callback
                0x0000000000001700        0x2 src/simply/simply_msg.c.10.o
 .text.sent_callback
                0x0000000000001702        0x2 src/simply/simply_msg.c.10.o
 .text.send_msg
                0x0000000000001704       0x30 src/simply/simply_msg.c.10.o
 .text.handle_packet
                0x0000000000001734      0x19a src/simply/simply_msg.c.10.o
 *fill*         0x00000000000018ce        0x2 
 .text.received_callback
                0x00000000000018d0       0x38 src/simply/simply_msg.c.10.o
 .text.send_msg_retry
                0x0000000000001908       0xb8 src/simply/simply_msg.c.10.o
 .text.simply_msg_has_communicated
                0x00000000000019c0        0xc src/simply/simply_msg.c.10.o
                0x00000000000019c0                simply_msg_has_communicated
 .text.simply_msg_show_disconnected
                0x00000000000019cc       0x58 src/simply/simply_msg.c.10.o
                0x00000000000019cc                simply_msg_show_disconnected
 .text.failed_callback
                0x0000000000001a24       0x18 src/simply/simply_msg.c.10.o
 .text.simply_msg_create
                0x0000000000001a3c       0x6c src/simply/simply_msg.c.10.o
                0x0000000000001a3c                simply_msg_create
 .text.simply_msg_destroy
                0x0000000000001aa8       0x1c src/simply/simply_msg.c.10.o
                0x0000000000001aa8                simply_msg_destroy
 .text.simply_msg_send
                0x0000000000001ac4        0x4 src/simply/simply_msg.c.10.o
                0x0000000000001ac4                simply_msg_send
 .text.simply_msg_send_packet
                0x0000000000001ac8       0x84 src/simply/simply_msg.c.10.o
                0x0000000000001ac8                simply_msg_send_packet
 .text.list1_remove
                0x0000000000001b4c       0x32 src/simply/simply_res.c.10.o
 .text.destroy_image
                0x0000000000001b7e       0x22 src/simply/simply_res.c.10.o
 .text.malloc0  0x0000000000001ba0       0x18 src/simply/simply_res.c.10.o
 .text.window_stack_schedule_top_window_render
                0x0000000000001bb8       0x12 src/simply/simply_res.c.10.o
 .text.setup_image
                0x0000000000001bca       0x64 src/simply/simply_res.c.10.o
 .text.create_bitmap_with_png_data
                0x0000000000001c2e        0xc src/simply/simply_res.c.10.o
 .text.create_bitmap_with_id
                0x0000000000001c3a       0x12 src/simply/simply_res.c.10.o
 .text.simply_res_evict_image
                0x0000000000001c4c       0x1a src/simply/simply_res.c.10.o
                0x0000000000001c4c                simply_res_evict_image
 .text.create_image
                0x0000000000001c66       0x48 src/simply/simply_res.c.10.o
 *fill*         0x0000000000001cae        0x2 
 .text.simply_res_add_bundled_image
                0x0000000000001cb0       0x28 src/simply/simply_res.c.10.o
                0x0000000000001cb0                simply_res_add_bundled_image
 .text.simply_res_add_image
                0x0000000000001cd8       0x64 src/simply/simply_res.c.10.o
                0x0000000000001cd8                simply_res_add_image
 .text.simply_res_auto_image
                0x0000000000001d3c       0x42 src/simply/simply_res.c.10.o
                0x0000000000001d3c                simply_res_auto_image
 .text.simply_res_add_custom_font
                0x0000000000001d7e       0x40 src/simply/simply_res.c.10.o
                0x0000000000001d7e                simply_res_add_custom_font
 .text.simply_res_auto_font
                0x0000000000001dbe       0x2a src/simply/simply_res.c.10.o
                0x0000000000001dbe                simply_res_auto_font
 .text.simply_res_clear
                0x0000000000001de8       0x34 src/simply/simply_res.c.10.o
                0x0000000000001de8                simply_res_clear
 .text.simply_res_create
                0x0000000000001e1c       0x2a src/simply/simply_res.c.10.o
                0x0000000000001e1c                simply_res_create
 .text.simply_res_destroy
                0x0000000000001e46       0x12 src/simply/simply_res.c.10.o
                0x0000000000001e46                simply_res_destroy
 .text.window_load
                0x0000000000001e58       0x12 src/simply/simply_splash.c.10.o
 .text.layer_update_callback
                0x0000000000001e6a       0x24 src/simply/simply_splash.c.10.o
                0x0000000000001e6a                layer_update_callback
 *fill*         0x0000000000001e8e        0x2 
 .text.simply_splash_create
                0x0000000000001e90       0x78 src/simply/simply_splash.c.10.o
                0x0000000000001e90                simply_splash_create
 .text.simply_splash_destroy
                0x0000000000001f08       0x20 src/simply/simply_splash.c.10.o
                0x0000000000001f08                simply_splash_destroy
 .text.window_disappear
                0x0000000000001f28       0x1a src/simply/simply_splash.c.10.o
 .text.list1_remove
                0x0000000000001f42       0x32 src/simply/simply_stage.c.10.o
 .text.element_frame_getter
                0x0000000000001f74       0x10 src/simply/simply_stage.c.10.o
 .text.window_unload
                0x0000000000001f84       0x1e src/simply/simply_stage.c.10.o
 .text.destroy_animation
                0x0000000000001fa2       0x24 src/simply/simply_stage.c.10.o
 *fill*         0x0000000000001fc6        0x2 
 .text.simply_stage_update_ticker
                0x0000000000001fc8       0x2c src/simply/simply_stage.c.10.o
 .text.simply_stage_clear
                0x0000000000001ff4       0x52 src/simply/simply_stage.c.10.o
 .text.window_disappear
                0x0000000000002046       0x22 src/simply/simply_stage.c.10.o
 .text.handle_tick
                0x0000000000002068       0x12 src/simply/simply_stage.c.10.o
 .text.simply_stage_update
                0x000000000000207a        0xa src/simply/simply_stage.c.10.o
 .text.window_appear
                0x0000000000002084       0x16 src/simply/simply_stage.c.10.o
 *fill*         0x000000000000209a        0x2 
 .text.window_load
                0x000000000000209c       0x68 src/simply/simply_stage.c.10.o
 .text.simply_stage_remove_element
                0x0000000000002104       0x24 src/simply/simply_stage.c.10.o
 .text.simply_stage_set_element_frame.isra.12
                0x0000000000002128       0x38 src/simply/simply_stage.c.10.o
 .text.element_frame_setter
                0x0000000000002160       0x1e src/simply/simply_stage.c.10.o
 .text.prv_draw_line_polar.constprop.15
                0x000000000000217e       0x46 src/simply/simply_stage.c.10.o
 .text.rect_element_draw.isra.6
                0x00000000000021c4       0x3c src/simply/simply_stage.c.10.o
 .text.layer_update_callback
                0x0000000000002200      0x390 src/simply/simply_stage.c.10.o
 .text.simply_stage_auto_element
                0x0000000000002590       0x84 src/simply/simply_stage.c.10.o
 .text.animation_stopped
                0x0000000000002614       0x34 src/simply/simply_stage.c.10.o
 .text.simply_stage_handle_packet
                0x0000000000002648      0x2e8 src/simply/simply_stage.c.10.o
                0x0000000000002648                simply_stage_handle_packet
 .text.simply_stage_create
                0x0000000000002930       0x38 src/simply/simply_stage.c.10.o
                0x0000000000002930                simply_stage_create
 .text.simply_stage_destroy
                0x0000000000002968       0x16 src/simply/simply_stage.c.10.o
                0x0000000000002968                simply_stage_destroy
 .text.is_string
                0x000000000000297e       0x10 src/simply/simply_ui.c.10.o
 .text.window_unload
                0x000000000000298e       0x1e src/simply/simply_ui.c.10.o
 .text.window_disappear
                0x00000000000029ac       0x1c src/simply/simply_ui.c.10.o
 .text.window_appear
                0x00000000000029c8        0xe src/simply/simply_ui.c.10.o
 .text.graphics_draw_bitmap_centered
                0x00000000000029d6       0x62 src/simply/simply_ui.c.10.o
 .text.mark_dirty
                0x0000000000002a38        0xa src/simply/simply_ui.c.10.o
 .text.show_welcome_text
                0x0000000000002a42       0x18 src/simply/simply_ui.c.10.o
 *fill*         0x0000000000002a5a        0x2 
 .text.layer_update_callback
                0x0000000000002a5c      0x504 src/simply/simply_ui.c.10.o
 .text.simply_ui_set_style
                0x0000000000002f60       0x3c src/simply/simply_ui.c.10.o
                0x0000000000002f60                simply_ui_set_style
 .text.window_load
                0x0000000000002f9c       0x6c src/simply/simply_ui.c.10.o
 .text.simply_ui_set_text
                0x0000000000003008       0x74 src/simply/simply_ui.c.10.o
                0x0000000000003008                simply_ui_set_text
 .text.simply_ui_set_text_color
                0x000000000000307c        0xc src/simply/simply_ui.c.10.o
                0x000000000000307c                simply_ui_set_text_color
 .text.simply_ui_clear
                0x0000000000003088       0x56 src/simply/simply_ui.c.10.o
                0x0000000000003088                simply_ui_clear
 .text.simply_ui_handle_packet
                0x00000000000030de       0x70 src/simply/simply_ui.c.10.o
                0x00000000000030de                simply_ui_handle_packet
 *fill*         0x000000000000314e        0x2 
 .text.simply_ui_create
                0x0000000000003150       0x48 src/simply/simply_ui.c.10.o
                0x0000000000003150                simply_ui_create
 .text.simply_ui_destroy
                0x0000000000003198       0x2a src/simply/simply_ui.c.10.o
                0x0000000000003198                simply_ui_destroy
 *fill*         0x00000000000031c2        0x2 
 .text.send_voice_data
                0x00000000000031c4       0x5c src/simply/simply_voice.c.10.o
 .text.dictation_session_callback
                0x0000000000003220       0x18 src/simply/simply_voice.c.10.o
 .text.timer_callback_start_dictation
                0x0000000000003238       0x10 src/simply/simply_voice.c.10.o
 .text.simply_voice_handle_packet
                0x0000000000003248       0x6c src/simply/simply_voice.c.10.o
                0x0000000000003248                simply_voice_handle_packet
 .text.simply_voice_create
                0x00000000000032b4       0x3c src/simply/simply_voice.c.10.o
                0x00000000000032b4                simply_voice_create
 .text.simply_voice_destroy
                0x00000000000032f0       0x18 src/simply/simply_voice.c.10.o
                0x00000000000032f0                simply_voice_destroy
 .text.simply_voice_dictation_in_progress
                0x0000000000003308       0x10 src/simply/simply_voice.c.10.o
                0x0000000000003308                simply_voice_dictation_in_progress
 .text.wakeup_handler
                0x0000000000003318       0x1c src/simply/simply_wakeup.c.10.o
 .text.wakeup_set_timer_callback
                0x0000000000003334       0x20 src/simply/simply_wakeup.c.10.o
 .text.simply_wakeup_handle_packet
                0x0000000000003354       0xac src/simply/simply_wakeup.c.10.o
                0x0000000000003354                simply_wakeup_handle_packet
 .text.simply_wakeup_init
                0x0000000000003400        0xc src/simply/simply_wakeup.c.10.o
                0x0000000000003400                simply_wakeup_init
 .text.prv_update_layer_placement
                0x000000000000340c       0x9e src/simply/simply_window.c.10.o
 .text.simply_window_single_click_handler
                0x00000000000034aa       0x5c src/simply/simply_window.c.10.o
                0x00000000000034aa                simply_window_single_click_handler
 *fill*         0x0000000000003506        0x2 
 .text.scroll_layer_set_click_config_provider_onto_window.constprop.5
                0x0000000000003508       0x30 src/simply/simply_window.c.10.o
 .text.click_config_provider
                0x0000000000003538       0x7c src/simply/simply_window.c.10.o
 .text.long_click_handler
                0x00000000000035b4       0x32 src/simply/simply_window.c.10.o
 .text.simply_window_set_scrollable
                0x00000000000035e6       0x8a src/simply/simply_window.c.10.o
                0x00000000000035e6                simply_window_set_scrollable
 .text.simply_window_set_status_bar
                0x0000000000003670       0x46 src/simply/simply_window.c.10.o
                0x0000000000003670                simply_window_set_status_bar
 .text.simply_window_set_background_color
                0x00000000000036b6        0xe src/simply/simply_window.c.10.o
                0x00000000000036b6                simply_window_set_background_color
 .text.simply_window_set_status_bar_colors
                0x00000000000036c4        0xa src/simply/simply_window.c.10.o
                0x00000000000036c4                simply_window_set_status_bar_colors
 .text.simply_window_set_status_bar_separator_mode
                0x00000000000036ce        0xa src/simply/simply_window.c.10.o
                0x00000000000036ce                simply_window_set_status_bar_separator_mode
 .text.simply_window_set_action_bar
                0x00000000000036d8       0x54 src/simply/simply_window.c.10.o
                0x00000000000036d8                simply_window_set_action_bar
 .text.simply_window_set_action_bar_icon
                0x000000000000372c       0x58 src/simply/simply_window.c.10.o
                0x000000000000372c                simply_window_set_action_bar_icon
 .text.simply_window_set_action_bar_background_color
                0x0000000000003784       0x38 src/simply/simply_window.c.10.o
                0x0000000000003784                simply_window_set_action_bar_background_color
 .text.simply_window_action_bar_clear
                0x00000000000037bc       0x2c src/simply/simply_window.c.10.o
                0x00000000000037bc                simply_window_action_bar_clear
 .text.simply_window_preload
                0x00000000000037e8       0x30 src/simply/simply_window.c.10.o
                0x00000000000037e8                simply_window_preload
 .text.simply_window_load
                0x0000000000003818       0x94 src/simply/simply_window.c.10.o
                0x0000000000003818                simply_window_load
 .text.simply_window_appear
                0x00000000000038ac       0x1c src/simply/simply_window.c.10.o
                0x00000000000038ac                simply_window_appear
 .text.simply_window_disappear
                0x00000000000038c8       0x30 src/simply/simply_window.c.10.o
                0x00000000000038c8                simply_window_disappear
 .text.simply_window_unload
                0x00000000000038f8       0x32 src/simply/simply_window.c.10.o
                0x00000000000038f8                simply_window_unload
 .text.simply_window_handle_packet
                0x000000000000392a       0xbe src/simply/simply_window.c.10.o
                0x000000000000392a                simply_window_handle_packet
 .text.simply_window_init
                0x00000000000039e8       0x26 src/simply/simply_window.c.10.o
                0x00000000000039e8                simply_window_init
 .text.simply_window_deinit
                0x0000000000003a0e       0x12 src/simply/simply_window.c.10.o
                0x0000000000003a0e                simply_window_deinit
 .text.show_window_sdk_3.isra.4
                0x0000000000003a20       0x52 src/simply/simply_window_stack.c.10.o
 *fill*         0x0000000000003a72        0x2 
 .text.simply_window_stack_set_broadcast
                0x0000000000003a74       0x10 src/simply/simply_window_stack.c.10.o
                0x0000000000003a74                simply_window_stack_set_broadcast
 .text.simply_window_stack_get_top_window
                0x0000000000003a84       0x20 src/simply/simply_window_stack.c.10.o
                0x0000000000003a84                simply_window_stack_get_top_window
 .text.simply_window_stack_show
                0x0000000000003aa4        0x4 src/simply/simply_window_stack.c.10.o
                0x0000000000003aa4                simply_window_stack_show
 .text.simply_window_stack_pop
                0x0000000000003aa8       0x26 src/simply/simply_window_stack.c.10.o
                0x0000000000003aa8                simply_window_stack_pop
 *fill*         0x0000000000003ace        0x2 
 .text.simply_window_stack_send_show
                0x0000000000003ad0       0x30 src/simply/simply_window_stack.c.10.o
                0x0000000000003ad0                simply_window_stack_send_show
 .text.simply_window_stack_send_hide
                0x0000000000003b00       0x30 src/simply/simply_window_stack.c.10.o
                0x0000000000003b00                simply_window_stack_send_hide
 .text.simply_window_stack_back
                0x0000000000003b30       0x1a src/simply/simply_window_stack.c.10.o
                0x0000000000003b30                simply_window_stack_back
 .text.simply_window_stack_handle_packet
                0x0000000000003b4a       0x4a src/simply/simply_window_stack.c.10.o
                0x0000000000003b4a                simply_window_stack_handle_packet
 .text.simply_window_stack_create
                0x0000000000003b94       0x12 src/simply/simply_window_stack.c.10.o
                0x0000000000003b94                simply_window_stack_create
 .text.simply_window_stack_destroy
                0x0000000000003ba6        0x8 src/simply/simply_window_stack.c.10.o
                0x0000000000003ba6                simply_window_stack_destroy
 *fill*         0x0000000000003bae        0x2 
 .text.accel_data_service_unsubscribe
                0x0000000000003bb0        0xc /home/will/.pebble-sdk/SDKs/current/sdk-core/pebble/basalt/lib/libpebble.a(tmpFRPTsFpebble.o)
                0x0000000000003bb0                accel_data_service_unsubscribe
 .text.accel_service_peek
                0x0000000000003bbc        0xc /home/will/.pebble-sdk/SDKs/current/sdk-core/pebble/basalt/lib/libpebble.a(tmpFRPTsFpebble.o)
                0x0000000000003bbc                accel_service_peek
 .text.accel_service_set_sampling_rate
                0x0000000000003bc8        0xc /home/will/.pebble-sdk/SDKs/current/sdk-core/pebble/basalt/lib/libpebble.a(tmpFRPTsFpebble.o)
                0x0000000000003bc8                accel_service_set_sampling_rate
 .text.accel_tap_service_subscribe
                0x0000000000003bd4        0xc /home/will/.pebble-sdk/SDKs/current/sdk-core/pebble/basalt/lib/libpebble.a(tmpFRPTsFpebble.o)
                0x0000000000003bd4                accel_tap_service_subscribe
 .text.accel_tap_service_unsubscribe
                0x0000000000003be0        0xc /home/will/.pebble-sdk/SDKs/current/sdk-core/pebble/basalt/lib/libpebble.a(tmpFRPTsFpebble.o)
                0x0000000000003be0                accel_tap_service_unsubscribe
 .text.app_event_loop
                0x0000000000003bec        0xc /home/will/.pebble-sdk/SDKs/current/sdk-core/pebble/basalt/lib/libpebble.a(tmpFRPTsFpebble.o)
                0x0000000000003bec                app_event_loop
 .text.app_message_deregister_callbacks
                0x0000000000003bf8        0xc /home/will/.pebble-sdk/SDKs/current/sdk-core/pebble/basalt/lib/libpebble.a(tmpFRPTsFpebble.o)
                0x0000000000003bf8                app_message_deregister_callbacks
 .text.app_message_open
                0x0000000000003c04        0xc /home/will/.pebble-sdk/SDKs/current/sdk-core/pebble/basalt/lib/libpebble.a(tmpFRPTsFpebble.o)
                0x0000000000003c04                app_message_open
 .text.app_timer_cancel
                0x0000000000003c10        0xc /home/will/.pebble-sdk/SDKs/current/sdk-core/pebble/basalt/lib/libpebble.a(tmpFRPTsFpebble.o)
                0x0000000000003c10                app_timer_cancel
 .text.app_timer_register
                0x0000000000003c1c        0xc /home/will/.pebble-sdk/SDKs/current/sdk-core/pebble/basalt/lib/libpebble.a(tmpFRPTsFpebble.o)
                0x0000000000003c1c                app_timer_register
 .text.click_recognizer_get_button_id
                0x0000000000003c28        0xc /home/will/.pebble-sdk/SDKs/current/sdk-core/pebble/basalt/lib/libpebble.a(tmpFRPTsFpebble.o)
                0x0000000000003c28                click_recognizer_get_button_id
 .text.cos_lookup
                0x0000000000003c34        0xc /home/will/.pebble-sdk/SDKs/current/sdk-core/pebble/basalt/lib/libpebble.a(tmpFRPTsFpebble.o)
                0x0000000000003c34                cos_lookup
 .text.dict_find
                0x0000000000003c40        0xc /home/will/.pebble-sdk/SDKs/current/sdk-core/pebble/basalt/lib/libpebble.a(tmpFRPTsFpebble.o)
                0x0000000000003c40                dict_find
 .text.dict_write_data
                0x0000000000003c4c        0xc /home/will/.pebble-sdk/SDKs/current/sdk-core/pebble/basalt/lib/libpebble.a(tmpFRPTsFpebble.o)
                0x0000000000003c4c                dict_write_data
 .text.fonts_get_system_font
                0x0000000000003c58        0xc /home/will/.pebble-sdk/SDKs/current/sdk-core/pebble/basalt/lib/libpebble.a(tmpFRPTsFpebble.o)
                0x0000000000003c58                fonts_get_system_font
 .text.fonts_load_custom_font
                0x0000000000003c64        0xc /home/will/.pebble-sdk/SDKs/current/sdk-core/pebble/basalt/lib/libpebble.a(tmpFRPTsFpebble.o)
                0x0000000000003c64                fonts_load_custom_font
 .text.fonts_unload_custom_font
                0x0000000000003c70        0xc /home/will/.pebble-sdk/SDKs/current/sdk-core/pebble/basalt/lib/libpebble.a(tmpFRPTsFpebble.o)
                0x0000000000003c70                fonts_unload_custom_font
 .text.free     0x0000000000003c7c        0xc /home/will/.pebble-sdk/SDKs/current/sdk-core/pebble/basalt/lib/libpebble.a(tmpFRPTsFpebble.o)
                0x0000000000003c7c                free
 .text.gbitmap_create_with_resource
                0x0000000000003c88        0xc /home/will/.pebble-sdk/SDKs/current/sdk-core/pebble/basalt/lib/libpebble.a(tmpFRPTsFpebble.o)
                0x0000000000003c88                gbitmap_create_with_resource
 .text.gbitmap_destroy
                0x0000000000003c94        0xc /home/will/.pebble-sdk/SDKs/current/sdk-core/pebble/basalt/lib/libpebble.a(tmpFRPTsFpebble.o)
                0x0000000000003c94                gbitmap_destroy
 .text.graphics_context_set_compositing_mode
                0x0000000000003ca0        0xc /home/will/.pebble-sdk/SDKs/current/sdk-core/pebble/basalt/lib/libpebble.a(tmpFRPTsFpebble.o)
                0x0000000000003ca0                graphics_context_set_compositing_mode
 .text.graphics_draw_bitmap_in_rect
                0x0000000000003cac        0xc /home/will/.pebble-sdk/SDKs/current/sdk-core/pebble/basalt/lib/libpebble.a(tmpFRPTsFpebble.o)
                0x0000000000003cac                graphics_draw_bitmap_in_rect
 .text.graphics_draw_circle
                0x0000000000003cb8        0xc /home/will/.pebble-sdk/SDKs/current/sdk-core/pebble/basalt/lib/libpebble.a(tmpFRPTsFpebble.o)
                0x0000000000003cb8                graphics_draw_circle
 .text.graphics_draw_line
                0x0000000000003cc4        0xc /home/will/.pebble-sdk/SDKs/current/sdk-core/pebble/basalt/lib/libpebble.a(tmpFRPTsFpebble.o)
                0x0000000000003cc4                graphics_draw_line
 .text.graphics_draw_round_rect
                0x0000000000003cd0        0xc /home/will/.pebble-sdk/SDKs/current/sdk-core/pebble/basalt/lib/libpebble.a(tmpFRPTsFpebble.o)
                0x0000000000003cd0                graphics_draw_round_rect
 .text.graphics_fill_circle
                0x0000000000003cdc        0xc /home/will/.pebble-sdk/SDKs/current/sdk-core/pebble/basalt/lib/libpebble.a(tmpFRPTsFpebble.o)
                0x0000000000003cdc                graphics_fill_circle
 .text.graphics_fill_rect
                0x0000000000003ce8        0xc /home/will/.pebble-sdk/SDKs/current/sdk-core/pebble/basalt/lib/libpebble.a(tmpFRPTsFpebble.o)
                0x0000000000003ce8                graphics_fill_rect
 .text.grect_center_point
                0x0000000000003cf4        0xc /home/will/.pebble-sdk/SDKs/current/sdk-core/pebble/basalt/lib/libpebble.a(tmpFRPTsFpebble.o)
                0x0000000000003cf4                grect_center_point
 .text.grect_standardize
                0x0000000000003d00        0xc /home/will/.pebble-sdk/SDKs/current/sdk-core/pebble/basalt/lib/libpebble.a(tmpFRPTsFpebble.o)
                0x0000000000003d00                grect_standardize
 .text.gsize_equal
                0x0000000000003d0c        0xc /home/will/.pebble-sdk/SDKs/current/sdk-core/pebble/basalt/lib/libpebble.a(tmpFRPTsFpebble.o)
                0x0000000000003d0c                gsize_equal
 .text.inverter_layer_create
                0x0000000000003d18        0xc /home/will/.pebble-sdk/SDKs/current/sdk-core/pebble/basalt/lib/libpebble.a(tmpFRPTsFpebble.o)
                0x0000000000003d18                inverter_layer_create
 .text.inverter_layer_destroy
                0x0000000000003d24        0xc /home/will/.pebble-sdk/SDKs/current/sdk-core/pebble/basalt/lib/libpebble.a(tmpFRPTsFpebble.o)
                0x0000000000003d24                inverter_layer_destroy
 .text.inverter_layer_get_layer
                0x0000000000003d30        0xc /home/will/.pebble-sdk/SDKs/current/sdk-core/pebble/basalt/lib/libpebble.a(tmpFRPTsFpebble.o)
                0x0000000000003d30                inverter_layer_get_layer
 .text.layer_add_child
                0x0000000000003d3c        0xc /home/will/.pebble-sdk/SDKs/current/sdk-core/pebble/basalt/lib/libpebble.a(tmpFRPTsFpebble.o)
                0x0000000000003d3c                layer_add_child
 .text.layer_create_with_data
                0x0000000000003d48        0xc /home/will/.pebble-sdk/SDKs/current/sdk-core/pebble/basalt/lib/libpebble.a(tmpFRPTsFpebble.o)
                0x0000000000003d48                layer_create_with_data
 .text.layer_destroy
                0x0000000000003d54        0xc /home/will/.pebble-sdk/SDKs/current/sdk-core/pebble/basalt/lib/libpebble.a(tmpFRPTsFpebble.o)
                0x0000000000003d54                layer_destroy
 .text.layer_get_bounds
                0x0000000000003d60        0xc /home/will/.pebble-sdk/SDKs/current/sdk-core/pebble/basalt/lib/libpebble.a(tmpFRPTsFpebble.o)
                0x0000000000003d60                layer_get_bounds
 .text.layer_get_data
                0x0000000000003d6c        0xc /home/will/.pebble-sdk/SDKs/current/sdk-core/pebble/basalt/lib/libpebble.a(tmpFRPTsFpebble.o)
                0x0000000000003d6c                layer_get_data
 .text.layer_get_frame
                0x0000000000003d78        0xc /home/will/.pebble-sdk/SDKs/current/sdk-core/pebble/basalt/lib/libpebble.a(tmpFRPTsFpebble.o)
                0x0000000000003d78                layer_get_frame
 .text.layer_get_window
                0x0000000000003d84        0xc /home/will/.pebble-sdk/SDKs/current/sdk-core/pebble/basalt/lib/libpebble.a(tmpFRPTsFpebble.o)
                0x0000000000003d84                layer_get_window
 .text.layer_mark_dirty
                0x0000000000003d90        0xc /home/will/.pebble-sdk/SDKs/current/sdk-core/pebble/basalt/lib/libpebble.a(tmpFRPTsFpebble.o)
                0x0000000000003d90                layer_mark_dirty
 .text.layer_remove_from_parent
                0x0000000000003d9c        0xc /home/will/.pebble-sdk/SDKs/current/sdk-core/pebble/basalt/lib/libpebble.a(tmpFRPTsFpebble.o)
                0x0000000000003d9c                layer_remove_from_parent
 .text.layer_set_frame
                0x0000000000003da8        0xc /home/will/.pebble-sdk/SDKs/current/sdk-core/pebble/basalt/lib/libpebble.a(tmpFRPTsFpebble.o)
                0x0000000000003da8                layer_set_frame
 .text.layer_set_update_proc
                0x0000000000003db4        0xc /home/will/.pebble-sdk/SDKs/current/sdk-core/pebble/basalt/lib/libpebble.a(tmpFRPTsFpebble.o)
                0x0000000000003db4                layer_set_update_proc
 .text.light_enable
                0x0000000000003dc0        0xc /home/will/.pebble-sdk/SDKs/current/sdk-core/pebble/basalt/lib/libpebble.a(tmpFRPTsFpebble.o)
                0x0000000000003dc0                light_enable
 .text.light_enable_interaction
                0x0000000000003dcc        0xc /home/will/.pebble-sdk/SDKs/current/sdk-core/pebble/basalt/lib/libpebble.a(tmpFRPTsFpebble.o)
                0x0000000000003dcc                light_enable_interaction
 .text.malloc   0x0000000000003dd8        0xc /home/will/.pebble-sdk/SDKs/current/sdk-core/pebble/basalt/lib/libpebble.a(tmpFRPTsFpebble.o)
                0x0000000000003dd8                malloc
 .text.memcpy   0x0000000000003de4        0xc /home/will/.pebble-sdk/SDKs/current/sdk-core/pebble/basalt/lib/libpebble.a(tmpFRPTsFpebble.o)
                0x0000000000003de4                memcpy
 .text.memset   0x0000000000003df0        0xc /home/will/.pebble-sdk/SDKs/current/sdk-core/pebble/basalt/lib/libpebble.a(tmpFRPTsFpebble.o)
                0x0000000000003df0                memset
 .text.menu_cell_basic_draw
                0x0000000000003dfc        0xc /home/will/.pebble-sdk/SDKs/current/sdk-core/pebble/basalt/lib/libpebble.a(tmpFRPTsFpebble.o)
                0x0000000000003dfc                menu_cell_basic_draw
 .text.menu_layer_destroy
                0x0000000000003e08        0xc /home/will/.pebble-sdk/SDKs/current/sdk-core/pebble/basalt/lib/libpebble.a(tmpFRPTsFpebble.o)
                0x0000000000003e08                menu_layer_destroy
 .text.menu_layer_get_layer
                0x0000000000003e14        0xc /home/will/.pebble-sdk/SDKs/current/sdk-core/pebble/basalt/lib/libpebble.a(tmpFRPTsFpebble.o)
                0x0000000000003e14                menu_layer_get_layer
 .text.menu_layer_get_selected_index
                0x0000000000003e20        0xc /home/will/.pebble-sdk/SDKs/current/sdk-core/pebble/basalt/lib/libpebble.a(tmpFRPTsFpebble.o)
                0x0000000000003e20                menu_layer_get_selected_index
 .text.menu_layer_reload_data
                0x0000000000003e2c        0xc /home/will/.pebble-sdk/SDKs/current/sdk-core/pebble/basalt/lib/libpebble.a(tmpFRPTsFpebble.o)
                0x0000000000003e2c                menu_layer_reload_data
 .text.menu_layer_set_click_config_onto_window
                0x0000000000003e38        0xc /home/will/.pebble-sdk/SDKs/current/sdk-core/pebble/basalt/lib/libpebble.a(tmpFRPTsFpebble.o)
                0x0000000000003e38                menu_layer_set_click_config_onto_window
 .text.menu_layer_set_selected_index
                0x0000000000003e44        0xc /home/will/.pebble-sdk/SDKs/current/sdk-core/pebble/basalt/lib/libpebble.a(tmpFRPTsFpebble.o)
                0x0000000000003e44                menu_layer_set_selected_index
 .text.resource_get_handle
                0x0000000000003e50        0xc /home/will/.pebble-sdk/SDKs/current/sdk-core/pebble/basalt/lib/libpebble.a(tmpFRPTsFpebble.o)
                0x0000000000003e50                resource_get_handle
 .text.scroll_layer_add_child
                0x0000000000003e5c        0xc /home/will/.pebble-sdk/SDKs/current/sdk-core/pebble/basalt/lib/libpebble.a(tmpFRPTsFpebble.o)
                0x0000000000003e5c                scroll_layer_add_child
 .text.scroll_layer_create
                0x0000000000003e68        0xc /home/will/.pebble-sdk/SDKs/current/sdk-core/pebble/basalt/lib/libpebble.a(tmpFRPTsFpebble.o)
                0x0000000000003e68                scroll_layer_create
 .text.scroll_layer_destroy
                0x0000000000003e74        0xc /home/will/.pebble-sdk/SDKs/current/sdk-core/pebble/basalt/lib/libpebble.a(tmpFRPTsFpebble.o)
                0x0000000000003e74                scroll_layer_destroy
 .text.scroll_layer_get_content_offset
                0x0000000000003e80        0xc /home/will/.pebble-sdk/SDKs/current/sdk-core/pebble/basalt/lib/libpebble.a(tmpFRPTsFpebble.o)
                0x0000000000003e80                scroll_layer_get_content_offset
 .text.scroll_layer_get_content_size
                0x0000000000003e8c        0xc /home/will/.pebble-sdk/SDKs/current/sdk-core/pebble/basalt/lib/libpebble.a(tmpFRPTsFpebble.o)
                0x0000000000003e8c                scroll_layer_get_content_size
 .text.scroll_layer_get_layer
                0x0000000000003e98        0xc /home/will/.pebble-sdk/SDKs/current/sdk-core/pebble/basalt/lib/libpebble.a(tmpFRPTsFpebble.o)
                0x0000000000003e98                scroll_layer_get_layer
 .text.scroll_layer_set_click_config_onto_window
                0x0000000000003ea4        0xc /home/will/.pebble-sdk/SDKs/current/sdk-core/pebble/basalt/lib/libpebble.a(tmpFRPTsFpebble.o)
                0x0000000000003ea4                scroll_layer_set_click_config_onto_window
 .text.scroll_layer_set_content_offset
                0x0000000000003eb0        0xc /home/will/.pebble-sdk/SDKs/current/sdk-core/pebble/basalt/lib/libpebble.a(tmpFRPTsFpebble.o)
                0x0000000000003eb0                scroll_layer_set_content_offset
 .text.scroll_layer_set_content_size
                0x0000000000003ebc        0xc /home/will/.pebble-sdk/SDKs/current/sdk-core/pebble/basalt/lib/libpebble.a(tmpFRPTsFpebble.o)
                0x0000000000003ebc                scroll_layer_set_content_size
 .text.scroll_layer_set_context
                0x0000000000003ec8        0xc /home/will/.pebble-sdk/SDKs/current/sdk-core/pebble/basalt/lib/libpebble.a(tmpFRPTsFpebble.o)
                0x0000000000003ec8                scroll_layer_set_context
 .text.scroll_layer_set_shadow_hidden
                0x0000000000003ed4        0xc /home/will/.pebble-sdk/SDKs/current/sdk-core/pebble/basalt/lib/libpebble.a(tmpFRPTsFpebble.o)
                0x0000000000003ed4                scroll_layer_set_shadow_hidden
 .text.sin_lookup
                0x0000000000003ee0        0xc /home/will/.pebble-sdk/SDKs/current/sdk-core/pebble/basalt/lib/libpebble.a(tmpFRPTsFpebble.o)
                0x0000000000003ee0                sin_lookup
 .text.strftime
                0x0000000000003eec        0xc /home/will/.pebble-sdk/SDKs/current/sdk-core/pebble/basalt/lib/libpebble.a(tmpFRPTsFpebble.o)
                0x0000000000003eec                strftime
 .text.strlen   0x0000000000003ef8        0xc /home/will/.pebble-sdk/SDKs/current/sdk-core/pebble/basalt/lib/libpebble.a(tmpFRPTsFpebble.o)
                0x0000000000003ef8                strlen
 .text.strncpy  0x0000000000003f04        0xc /home/will/.pebble-sdk/SDKs/current/sdk-core/pebble/basalt/lib/libpebble.a(tmpFRPTsFpebble.o)
                0x0000000000003f04                strncpy
 .text.tick_timer_service_subscribe
                0x0000000000003f10        0xc /home/will/.pebble-sdk/SDKs/current/sdk-core/pebble/basalt/lib/libpebble.a(tmpFRPTsFpebble.o)
                0x0000000000003f10                tick_timer_service_subscribe
 .text.tick_timer_service_unsubscribe
                0x0000000000003f1c        0xc /home/will/.pebble-sdk/SDKs/current/sdk-core/pebble/basalt/lib/libpebble.a(tmpFRPTsFpebble.o)
                0x0000000000003f1c                tick_timer_service_unsubscribe
 .text.vibes_double_pulse
                0x0000000000003f28        0xc /home/will/.pebble-sdk/SDKs/current/sdk-core/pebble/basalt/lib/libpebble.a(tmpFRPTsFpebble.o)
                0x0000000000003f28                vibes_double_pulse
 .text.vibes_long_pulse
                0x0000000000003f34        0xc /home/will/.pebble-sdk/SDKs/current/sdk-core/pebble/basalt/lib/libpebble.a(tmpFRPTsFpebble.o)
                0x0000000000003f34                vibes_long_pulse
 .text.vibes_short_pulse
                0x0000000000003f40        0xc /home/will/.pebble-sdk/SDKs/current/sdk-core/pebble/basalt/lib/libpebble.a(tmpFRPTsFpebble.o)
                0x0000000000003f40                vibes_short_pulse
 .text.window_create
                0x0000000000003f4c        0xc /home/will/.pebble-sdk/SDKs/current/sdk-core/pebble/basalt/lib/libpebble.a(tmpFRPTsFpebble.o)
                0x0000000000003f4c                window_create
 .text.window_destroy
                0x0000000000003f58        0xc /home/will/.pebble-sdk/SDKs/current/sdk-core/pebble/basalt/lib/libpebble.a(tmpFRPTsFpebble.o)
                0x0000000000003f58                window_destroy
 .text.window_get_click_config_provider
                0x0000000000003f64        0xc /home/will/.pebble-sdk/SDKs/current/sdk-core/pebble/basalt/lib/libpebble.a(tmpFRPTsFpebble.o)
                0x0000000000003f64                window_get_click_config_provider
 .text.window_get_root_layer
                0x0000000000003f70        0xc /home/will/.pebble-sdk/SDKs/current/sdk-core/pebble/basalt/lib/libpebble.a(tmpFRPTsFpebble.o)
                0x0000000000003f70                window_get_root_layer
 .text.window_set_click_config_provider_with_context
                0x0000000000003f7c        0xc /home/will/.pebble-sdk/SDKs/current/sdk-core/pebble/basalt/lib/libpebble.a(tmpFRPTsFpebble.o)
                0x0000000000003f7c                window_set_click_config_provider_with_context
 .text.window_set_window_handlers
                0x0000000000003f88        0xc /home/will/.pebble-sdk/SDKs/current/sdk-core/pebble/basalt/lib/libpebble.a(tmpFRPTsFpebble.o)
                0x0000000000003f88                window_set_window_handlers
 .text.window_stack_get_top_window
                0x0000000000003f94        0xc /home/will/.pebble-sdk/SDKs/current/sdk-core/pebble/basalt/lib/libpebble.a(tmpFRPTsFpebble.o)
                0x0000000000003f94                window_stack_get_top_window
 .text.window_stack_pop
                0x0000000000003fa0        0xc /home/will/.pebble-sdk/SDKs/current/sdk-core/pebble/basalt/lib/libpebble.a(tmpFRPTsFpebble.o)
                0x0000000000003fa0                window_stack_pop
 .text.window_stack_pop_all
                0x0000000000003fac        0xc /home/will/.pebble-sdk/SDKs/current/sdk-core/pebble/basalt/lib/libpebble.a(tmpFRPTsFpebble.o)
                0x0000000000003fac                window_stack_pop_all
 .text.window_stack_push
                0x0000000000003fb8        0xc /home/will/.pebble-sdk/SDKs/current/sdk-core/pebble/basalt/lib/libpebble.a(tmpFRPTsFpebble.o)
                0x0000000000003fb8                window_stack_push
 .text.window_stack_remove
                0x0000000000003fc4        0xc /home/will/.pebble-sdk/SDKs/current/sdk-core/pebble/basalt/lib/libpebble.a(tmpFRPTsFpebble.o)
                0x0000000000003fc4                window_stack_remove
 .text.window_get_user_data
                0x0000000000003fd0        0xc /home/will/.pebble-sdk/SDKs/current/sdk-core/pebble/basalt/lib/libpebble.a(tmpFRPTsFpebble.o)
                0x0000000000003fd0                window_get_user_data
 .text.window_set_user_data
                0x0000000000003fdc        0xc /home/will/.pebble-sdk/SDKs/current/sdk-core/pebble/basalt/lib/libpebble.a(tmpFRPTsFpebble.o)
                0x0000000000003fdc                window_set_user_data
 .text.app_message_outbox_begin
                0x0000000000003fe8        0xc /home/will/.pebble-sdk/SDKs/current/sdk-core/pebble/basalt/lib/libpebble.a(tmpFRPTsFpebble.o)
                0x0000000000003fe8                app_message_outbox_begin
 .text.app_message_outbox_send
                0x0000000000003ff4        0xc /home/will/.pebble-sdk/SDKs/current/sdk-core/pebble/basalt/lib/libpebble.a(tmpFRPTsFpebble.o)
                0x0000000000003ff4                app_message_outbox_send
 .text.app_message_register_inbox_dropped
                0x0000000000004000        0xc /home/will/.pebble-sdk/SDKs/current/sdk-core/pebble/basalt/lib/libpebble.a(tmpFRPTsFpebble.o)
                0x0000000000004000                app_message_register_inbox_dropped
 .text.app_message_register_inbox_received
                0x000000000000400c        0xc /home/will/.pebble-sdk/SDKs/current/sdk-core/pebble/basalt/lib/libpebble.a(tmpFRPTsFpebble.o)
                0x000000000000400c                app_message_register_inbox_received
 .text.app_message_register_outbox_failed
                0x0000000000004018        0xc /home/will/.pebble-sdk/SDKs/current/sdk-core/pebble/basalt/lib/libpebble.a(tmpFRPTsFpebble.o)
                0x0000000000004018                app_message_register_outbox_failed
 .text.app_message_register_outbox_sent
                0x0000000000004024        0xc /home/will/.pebble-sdk/SDKs/current/sdk-core/pebble/basalt/lib/libpebble.a(tmpFRPTsFpebble.o)
                0x0000000000004024                app_message_register_outbox_sent
 .text.app_message_set_context
                0x0000000000004030        0xc /home/will/.pebble-sdk/SDKs/current/sdk-core/pebble/basalt/lib/libpebble.a(tmpFRPTsFpebble.o)
                0x0000000000004030                app_message_set_context
 .text.window_long_click_subscribe
                0x000000000000403c        0xc /home/will/.pebble-sdk/SDKs/current/sdk-core/pebble/basalt/lib/libpebble.a(tmpFRPTsFpebble.o)
                0x000000000000403c                window_long_click_subscribe
 .text.window_set_click_context
                0x0000000000004048        0xc /home/will/.pebble-sdk/SDKs/current/sdk-core/pebble/basalt/lib/libpebble.a(tmpFRPTsFpebble.o)
                0x0000000000004048                window_set_click_context
 .text.window_single_click_subscribe
                0x0000000000004054        0xc /home/will/.pebble-sdk/SDKs/current/sdk-core/pebble/basalt/lib/libpebble.a(tmpFRPTsFpebble.o)
                0x0000000000004054                window_single_click_subscribe
 .text.graphics_draw_text
                0x0000000000004060        0xc /home/will/.pebble-sdk/SDKs/current/sdk-core/pebble/basalt/lib/libpebble.a(tmpFRPTsFpebble.o)
                0x0000000000004060                graphics_draw_text
 .text.accel_data_service_subscribe
                0x000000000000406c        0xc /home/will/.pebble-sdk/SDKs/current/sdk-core/pebble/basalt/lib/libpebble.a(tmpFRPTsFpebble.o)
                0x000000000000406c                accel_data_service_subscribe
 .text.launch_reason
                0x0000000000004078        0xc /home/will/.pebble-sdk/SDKs/current/sdk-core/pebble/basalt/lib/libpebble.a(tmpFRPTsFpebble.o)
                0x0000000000004078                launch_reason
 .text.wakeup_cancel
                0x0000000000004084        0xc /home/will/.pebble-sdk/SDKs/current/sdk-core/pebble/basalt/lib/libpebble.a(tmpFRPTsFpebble.o)
                0x0000000000004084                wakeup_cancel
 .text.wakeup_cancel_all
                0x0000000000004090        0xc /home/will/.pebble-sdk/SDKs/current/sdk-core/pebble/basalt/lib/libpebble.a(tmpFRPTsFpebble.o)
                0x0000000000004090                wakeup_cancel_all
 .text.wakeup_get_launch_event
                0x000000000000409c        0xc /home/will/.pebble-sdk/SDKs/current/sdk-core/pebble/basalt/lib/libpebble.a(tmpFRPTsFpebble.o)
                0x000000000000409c                wakeup_get_launch_event
 .text.wakeup_schedule
                0x00000000000040a8        0xc /home/will/.pebble-sdk/SDKs/current/sdk-core/pebble/basalt/lib/libpebble.a(tmpFRPTsFpebble.o)
                0x00000000000040a8                wakeup_schedule
 .text.wakeup_service_subscribe
                0x00000000000040b4        0xc /home/will/.pebble-sdk/SDKs/current/sdk-core/pebble/basalt/lib/libpebble.a(tmpFRPTsFpebble.o)
                0x00000000000040b4                wakeup_service_subscribe
 .text.clock_is_timezone_set
                0x00000000000040c0        0xc /home/will/.pebble-sdk/SDKs/current/sdk-core/pebble/basalt/lib/libpebble.a(tmpFRPTsFpebble.o)
                0x00000000000040c0                clock_is_timezone_set
 .text.graphics_context_set_fill_color
                0x00000000000040cc        0xc /home/will/.pebble-sdk/SDKs/current/sdk-core/pebble/basalt/lib/libpebble.a(tmpFRPTsFpebble.o)
                0x00000000000040cc                graphics_context_set_fill_color
 .text.graphics_context_set_stroke_color
                0x00000000000040d8        0xc /home/will/.pebble-sdk/SDKs/current/sdk-core/pebble/basalt/lib/libpebble.a(tmpFRPTsFpebble.o)
                0x00000000000040d8                graphics_context_set_stroke_color
 .text.graphics_context_set_text_color
                0x00000000000040e4        0xc /home/will/.pebble-sdk/SDKs/current/sdk-core/pebble/basalt/lib/libpebble.a(tmpFRPTsFpebble.o)
                0x00000000000040e4                graphics_context_set_text_color
 .text.window_set_background_color
                0x00000000000040f0        0xc /home/will/.pebble-sdk/SDKs/current/sdk-core/pebble/basalt/lib/libpebble.a(tmpFRPTsFpebble.o)
                0x00000000000040f0                window_set_background_color
 .text.localtime
                0x00000000000040fc        0xc /home/will/.pebble-sdk/SDKs/current/sdk-core/pebble/basalt/lib/libpebble.a(tmpFRPTsFpebble.o)
                0x00000000000040fc                localtime
 .text.animation_destroy
                0x0000000000004108        0xc /home/will/.pebble-sdk/SDKs/current/sdk-core/pebble/basalt/lib/libpebble.a(tmpFRPTsFpebble.o)
                0x0000000000004108                animation_destroy
 .text.animation_schedule
                0x0000000000004114        0xc /home/will/.pebble-sdk/SDKs/current/sdk-core/pebble/basalt/lib/libpebble.a(tmpFRPTsFpebble.o)
                0x0000000000004114                animation_schedule
 .text.animation_set_curve
                0x0000000000004120        0xc /home/will/.pebble-sdk/SDKs/current/sdk-core/pebble/basalt/lib/libpebble.a(tmpFRPTsFpebble.o)
                0x0000000000004120                animation_set_curve
 .text.animation_set_duration
                0x000000000000412c        0xc /home/will/.pebble-sdk/SDKs/current/sdk-core/pebble/basalt/lib/libpebble.a(tmpFRPTsFpebble.o)
                0x000000000000412c                animation_set_duration
 .text.animation_set_handlers
                0x0000000000004138        0xc /home/will/.pebble-sdk/SDKs/current/sdk-core/pebble/basalt/lib/libpebble.a(tmpFRPTsFpebble.o)
                0x0000000000004138                animation_set_handlers
 .text.animation_unschedule
                0x0000000000004144        0xc /home/will/.pebble-sdk/SDKs/current/sdk-core/pebble/basalt/lib/libpebble.a(tmpFRPTsFpebble.o)
                0x0000000000004144                animation_unschedule
 .text.property_animation_create
                0x0000000000004150        0xc /home/will/.pebble-sdk/SDKs/current/sdk-core/pebble/basalt/lib/libpebble.a(tmpFRPTsFpebble.o)
                0x0000000000004150                property_animation_create
 .text.property_animation_destroy
                0x000000000000415c        0xc /home/will/.pebble-sdk/SDKs/current/sdk-core/pebble/basalt/lib/libpebble.a(tmpFRPTsFpebble.o)
                0x000000000000415c                property_animation_destroy
 .text.property_animation_from
                0x0000000000004168        0xc /home/will/.pebble-sdk/SDKs/current/sdk-core/pebble/basalt/lib/libpebble.a(tmpFRPTsFpebble.o)
                0x0000000000004168                property_animation_from
 .text.property_animation_to
                0x0000000000004174        0xc /home/will/.pebble-sdk/SDKs/current/sdk-core/pebble/basalt/lib/libpebble.a(tmpFRPTsFpebble.o)
                0x0000000000004174                property_animation_to
 .text.property_animation_update_grect
                0x0000000000004180        0xc /home/will/.pebble-sdk/SDKs/current/sdk-core/pebble/basalt/lib/libpebble.a(tmpFRPTsFpebble.o)
                0x0000000000004180                property_animation_update_grect
 .text.gbitmap_get_bounds
                0x000000000000418c        0xc /home/will/.pebble-sdk/SDKs/current/sdk-core/pebble/basalt/lib/libpebble.a(tmpFRPTsFpebble.o)
                0x000000000000418c                gbitmap_get_bounds
 .text.gbitmap_get_format
                0x0000000000004198        0xc /home/will/.pebble-sdk/SDKs/current/sdk-core/pebble/basalt/lib/libpebble.a(tmpFRPTsFpebble.o)
                0x0000000000004198                gbitmap_get_format
 .text.gbitmap_get_palette
                0x00000000000041a4        0xc /home/will/.pebble-sdk/SDKs/current/sdk-core/pebble/basalt/lib/libpebble.a(tmpFRPTsFpebble.o)
                0x00000000000041a4                gbitmap_get_palette
 .text.gbitmap_set_palette
                0x00000000000041b0        0xc /home/will/.pebble-sdk/SDKs/current/sdk-core/pebble/basalt/lib/libpebble.a(tmpFRPTsFpebble.o)
                0x00000000000041b0                gbitmap_set_palette
 .text.gbitmap_create_from_png_data
                0x00000000000041bc        0xc /home/will/.pebble-sdk/SDKs/current/sdk-core/pebble/basalt/lib/libpebble.a(tmpFRPTsFpebble.o)
                0x00000000000041bc                gbitmap_create_from_png_data
 .text.launch_get_args
                0x00000000000041c8        0xc /home/will/.pebble-sdk/SDKs/current/sdk-core/pebble/basalt/lib/libpebble.a(tmpFRPTsFpebble.o)
                0x00000000000041c8                launch_get_args
 .text.menu_layer_create
                0x00000000000041d4        0xc /home/will/.pebble-sdk/SDKs/current/sdk-core/pebble/basalt/lib/libpebble.a(tmpFRPTsFpebble.o)
                0x00000000000041d4                menu_layer_create
 .text.graphics_context_set_antialiased
                0x00000000000041e0        0xc /home/will/.pebble-sdk/SDKs/current/sdk-core/pebble/basalt/lib/libpebble.a(tmpFRPTsFpebble.o)
                0x00000000000041e0                graphics_context_set_antialiased
 .text.graphics_context_set_stroke_width
                0x00000000000041ec        0xc /home/will/.pebble-sdk/SDKs/current/sdk-core/pebble/basalt/lib/libpebble.a(tmpFRPTsFpebble.o)
                0x00000000000041ec                graphics_context_set_stroke_width
 .text.action_bar_layer_add_to_window
                0x00000000000041f8        0xc /home/will/.pebble-sdk/SDKs/current/sdk-core/pebble/basalt/lib/libpebble.a(tmpFRPTsFpebble.o)
                0x00000000000041f8                action_bar_layer_add_to_window
 .text.action_bar_layer_clear_icon
                0x0000000000004204        0xc /home/will/.pebble-sdk/SDKs/current/sdk-core/pebble/basalt/lib/libpebble.a(tmpFRPTsFpebble.o)
                0x0000000000004204                action_bar_layer_clear_icon
 .text.action_bar_layer_create
                0x0000000000004210        0xc /home/will/.pebble-sdk/SDKs/current/sdk-core/pebble/basalt/lib/libpebble.a(tmpFRPTsFpebble.o)
                0x0000000000004210                action_bar_layer_create
 .text.action_bar_layer_destroy
                0x000000000000421c        0xc /home/will/.pebble-sdk/SDKs/current/sdk-core/pebble/basalt/lib/libpebble.a(tmpFRPTsFpebble.o)
                0x000000000000421c                action_bar_layer_destroy
 .text.action_bar_layer_get_layer
                0x0000000000004228        0xc /home/will/.pebble-sdk/SDKs/current/sdk-core/pebble/basalt/lib/libpebble.a(tmpFRPTsFpebble.o)
                0x0000000000004228                action_bar_layer_get_layer
 .text.action_bar_layer_remove_from_window
                0x0000000000004234        0xc /home/will/.pebble-sdk/SDKs/current/sdk-core/pebble/basalt/lib/libpebble.a(tmpFRPTsFpebble.o)
                0x0000000000004234                action_bar_layer_remove_from_window
 .text.action_bar_layer_set_background_color
                0x0000000000004240        0xc /home/will/.pebble-sdk/SDKs/current/sdk-core/pebble/basalt/lib/libpebble.a(tmpFRPTsFpebble.o)
                0x0000000000004240                action_bar_layer_set_background_color
 .text.action_bar_layer_set_click_config_provider
                0x000000000000424c        0xc /home/will/.pebble-sdk/SDKs/current/sdk-core/pebble/basalt/lib/libpebble.a(tmpFRPTsFpebble.o)
                0x000000000000424c                action_bar_layer_set_click_config_provider
 .text.action_bar_layer_set_context
                0x0000000000004258        0xc /home/will/.pebble-sdk/SDKs/current/sdk-core/pebble/basalt/lib/libpebble.a(tmpFRPTsFpebble.o)
                0x0000000000004258                action_bar_layer_set_context
 .text.action_bar_layer_set_icon
                0x0000000000004264        0xc /home/will/.pebble-sdk/SDKs/current/sdk-core/pebble/basalt/lib/libpebble.a(tmpFRPTsFpebble.o)
                0x0000000000004264                action_bar_layer_set_icon
 .text.menu_cell_layer_is_highlighted
                0x0000000000004270        0xc /home/will/.pebble-sdk/SDKs/current/sdk-core/pebble/basalt/lib/libpebble.a(tmpFRPTsFpebble.o)
                0x0000000000004270                menu_cell_layer_is_highlighted
 .text.time     0x000000000000427c        0xc /home/will/.pebble-sdk/SDKs/current/sdk-core/pebble/basalt/lib/libpebble.a(tmpFRPTsFpebble.o)
                0x000000000000427c                time
 .text.menu_layer_set_highlight_colors
                0x0000000000004288        0xc /home/will/.pebble-sdk/SDKs/current/sdk-core/pebble/basalt/lib/libpebble.a(tmpFRPTsFpebble.o)
                0x0000000000004288                menu_layer_set_highlight_colors
 .text.menu_layer_set_normal_colors
                0x0000000000004294        0xc /home/will/.pebble-sdk/SDKs/current/sdk-core/pebble/basalt/lib/libpebble.a(tmpFRPTsFpebble.o)
                0x0000000000004294                menu_layer_set_normal_colors
 .text.menu_layer_set_callbacks
                0x00000000000042a0        0xc /home/will/.pebble-sdk/SDKs/current/sdk-core/pebble/basalt/lib/libpebble.a(tmpFRPTsFpebble.o)
                0x00000000000042a0                menu_layer_set_callbacks
 .text.status_bar_layer_create
                0x00000000000042ac        0xc /home/will/.pebble-sdk/SDKs/current/sdk-core/pebble/basalt/lib/libpebble.a(tmpFRPTsFpebble.o)
                0x00000000000042ac                status_bar_layer_create
 .text.status_bar_layer_destroy
                0x00000000000042b8        0xc /home/will/.pebble-sdk/SDKs/current/sdk-core/pebble/basalt/lib/libpebble.a(tmpFRPTsFpebble.o)
                0x00000000000042b8                status_bar_layer_destroy
 .text.status_bar_layer_get_layer
                0x00000000000042c4        0xc /home/will/.pebble-sdk/SDKs/current/sdk-core/pebble/basalt/lib/libpebble.a(tmpFRPTsFpebble.o)
                0x00000000000042c4                status_bar_layer_get_layer
 .text.status_bar_layer_set_colors
                0x00000000000042d0        0xc /home/will/.pebble-sdk/SDKs/current/sdk-core/pebble/basalt/lib/libpebble.a(tmpFRPTsFpebble.o)
                0x00000000000042d0                status_bar_layer_set_colors
 .text.status_bar_layer_set_separator_mode
                0x00000000000042dc        0xc /home/will/.pebble-sdk/SDKs/current/sdk-core/pebble/basalt/lib/libpebble.a(tmpFRPTsFpebble.o)
                0x00000000000042dc                status_bar_layer_set_separator_mode
 .text.time_ms  0x00000000000042e8        0xc /home/will/.pebble-sdk/SDKs/current/sdk-core/pebble/basalt/lib/libpebble.a(tmpFRPTsFpebble.o)
                0x00000000000042e8                time_ms
 .text.dictation_session_create
                0x00000000000042f4        0xc /home/will/.pebble-sdk/SDKs/current/sdk-core/pebble/basalt/lib/libpebble.a(tmpFRPTsFpebble.o)
                0x00000000000042f4                dictation_session_create
 .text.dictation_session_enable_confirmation
                0x0000000000004300        0xc /home/will/.pebble-sdk/SDKs/current/sdk-core/pebble/basalt/lib/libpebble.a(tmpFRPTsFpebble.o)
                0x0000000000004300                dictation_session_enable_confirmation
 .text.dictation_session_start
                0x000000000000430c        0xc /home/will/.pebble-sdk/SDKs/current/sdk-core/pebble/basalt/lib/libpebble.a(tmpFRPTsFpebble.o)
                0x000000000000430c                dictation_session_start
 .text.dictation_session_stop
                0x0000000000004318        0xc /home/will/.pebble-sdk/SDKs/current/sdk-core/pebble/basalt/lib/libpebble.a(tmpFRPTsFpebble.o)
                0x0000000000004318                dictation_session_stop
 .text.grect_inset
                0x0000000000004324        0xc /home/will/.pebble-sdk/SDKs/current/sdk-core/pebble/basalt/lib/libpebble.a(tmpFRPTsFpebble.o)
                0x0000000000004324                grect_inset
 .text.gpoint_from_polar
                0x0000000000004330        0xc /home/will/.pebble-sdk/SDKs/current/sdk-core/pebble/basalt/lib/libpebble.a(tmpFRPTsFpebble.o)
                0x0000000000004330                gpoint_from_polar
 .text.graphics_draw_arc
                0x000000000000433c        0xc /home/will/.pebble-sdk/SDKs/current/sdk-core/pebble/basalt/lib/libpebble.a(tmpFRPTsFpebble.o)
                0x000000000000433c                graphics_draw_arc
 .text.graphics_fill_radial
                0x0000000000004348        0xc /home/will/.pebble-sdk/SDKs/current/sdk-core/pebble/basalt/lib/libpebble.a(tmpFRPTsFpebble.o)
                0x0000000000004348                graphics_fill_radial
 .text.graphics_text_attributes_create
                0x0000000000004354        0xc /home/will/.pebble-sdk/SDKs/current/sdk-core/pebble/basalt/lib/libpebble.a(tmpFRPTsFpebble.o)
                0x0000000000004354                graphics_text_attributes_create
 .text.graphics_text_attributes_destroy
                0x0000000000004360        0xc /home/will/.pebble-sdk/SDKs/current/sdk-core/pebble/basalt/lib/libpebble.a(tmpFRPTsFpebble.o)
                0x0000000000004360                graphics_text_attributes_destroy
 .text.graphics_text_layout_get_content_size_with_attributes
                0x000000000000436c        0xc /home/will/.pebble-sdk/SDKs/current/sdk-core/pebble/basalt/lib/libpebble.a(tmpFRPTsFpebble.o)
                0x000000000000436c                graphics_text_layout_get_content_size_with_attributes
 .text.scroll_layer_set_paging
                0x0000000000004378        0xc /home/will/.pebble-sdk/SDKs/current/sdk-core/pebble/basalt/lib/libpebble.a(tmpFRPTsFpebble.o)
                0x0000000000004378                scroll_layer_set_paging
 *(.rodata)
 *(.rodata*)
 .rodata.str1.1
                0x0000000000004384       0x1b src/simply/simply_menu.c.10.o
                                         0x1c (size before relaxing)
 .rodata.str1.1
                0x000000000000439f       0x26 src/simply/simply_msg.c.10.o
 .rodata.str1.1
                0x00000000000043c5       0x16 src/simply/simply_stage.c.10.o
 .rodata.CSWTCH.22
                0x00000000000043db        0x7 src/simply/simply_stage.c.10.o
 .rodata.str1.1
                0x00000000000043e2       0x7d src/simply/simply_ui.c.10.o
 .rodata.str1.1
                0x0000000000000000        0x1 src/simply/simply_voice.c.10.o

.glue_7         0x0000000000004460        0x0
 .glue_7        0x0000000000000000        0x0 linker stubs

.glue_7t        0x0000000000004460        0x0
 .glue_7t       0x0000000000000000        0x0 linker stubs

.vfp11_veneer   0x0000000000004460        0x0
 .vfp11_veneer  0x0000000000000000        0x0 linker stubs

.v4_bx          0x0000000000004460        0x0
 .v4_bx         0x0000000000000000        0x0 linker stubs

.iplt           0x0000000000004460        0x0
 .iplt          0x0000000000000000        0x0 /home/will/pebble-dev/pebble-sdk-4.5-linux64/arm-cs-tools/bin/../lib/gcc/arm-none-eabi/4.7.2/thumb2/crtbegin.o

.rel.dyn        0x0000000000004460        0x0
 .rel.iplt      0x0000000000000000        0x0 /home/will/pebble-dev/pebble-sdk-4.5-linux64/arm-cs-tools/bin/../lib/gcc/arm-none-eabi/4.7.2/thumb2/crtbegin.o

.ARM.exidx      0x0000000000004460        0x8
 .ARM.exidx     0x0000000000004460        0x8 /home/will/pebble-dev/pebble-sdk-4.5-linux64/arm-cs-tools/bin/../lib/gcc/arm-none-eabi/4.7.2/thumb2/libgcc.a(_divdi3.o)
 .ARM.exidx     0x0000000000004468        0x0 /home/will/pebble-dev/pebble-sdk-4.5-linux64/arm-cs-tools/bin/../lib/gcc/arm-none-eabi/4.7.2/thumb2/libgcc.a(_udivdi3.o)
                                          0x8 (size before relaxing)

.data           0x0000000000004468       0xae
 *(.data)
 .data          0x0000000000004468        0x0 /home/will/pebble-dev/pebble-sdk-4.5-linux64/arm-cs-tools/bin/../lib/gcc/arm-none-eabi/4.7.2/thumb2/crti.o
 .data          0x0000000000004468        0x4 /home/will/pebble-dev/pebble-sdk-4.5-linux64/arm-cs-tools/bin/../lib/gcc/arm-none-eabi/4.7.2/thumb2/crtbegin.o
                0x0000000000004468                __dso_handle
 .data          0x000000000000446c        0x0 src/main.c.10.o
 .data          0x000000000000446c        0x0 src/simply/simply.c.10.o
 .data          0x000000000000446c        0x0 src/simply/simply_accel.c.10.o
 .data          0x000000000000446c        0x0 src/simply/simply_menu.c.10.o
 .data          0x000000000000446c        0x0 src/simply/simply_msg.c.10.o
 .data          0x000000000000446c        0x0 src/simply/simply_res.c.10.o
 .data          0x000000000000446c        0x0 src/simply/simply_splash.c.10.o
 .data          0x000000000000446c        0x0 src/simply/simply_stage.c.10.o
 .data          0x000000000000446c        0x0 src/simply/simply_ui.c.10.o
 .data          0x000000000000446c        0x0 src/simply/simply_voice.c.10.o
 .data          0x000000000000446c        0x0 src/simply/simply_wakeup.c.10.o
 .data          0x000000000000446c        0x0 src/simply/simply_window.c.10.o
 .data          0x000000000000446c        0x0 src/simply/simply_window_stack.c.10.o
 .data          0x000000000000446c        0x0 basalt/appinfo.auto.c.10.o
 .data          0x000000000000446c        0x0 basalt/src/resource_ids.auto.c.10.o
 .data          0x000000000000446c        0x0 /home/will/.pebble-sdk/SDKs/current/sdk-core/pebble/basalt/lib/libpebble.a(tmpFRPTsFpebble.o)
 .data          0x000000000000446c        0x0 /home/will/pebble-dev/pebble-sdk-4.5-linux64/arm-cs-tools/bin/../lib/gcc/arm-none-eabi/4.7.2/thumb2/libgcc.a(_aeabi_ldivmod.o)
 .data          0x000000000000446c        0x0 /home/will/pebble-dev/pebble-sdk-4.5-linux64/arm-cs-tools/bin/../lib/gcc/arm-none-eabi/4.7.2/thumb2/libgcc.a(bpabi.o)
 .data          0x000000000000446c        0x0 /home/will/pebble-dev/pebble-sdk-4.5-linux64/arm-cs-tools/bin/../lib/gcc/arm-none-eabi/4.7.2/thumb2/libgcc.a(_dvmd_tls.o)
 .data          0x000000000000446c        0x0 /home/will/pebble-dev/pebble-sdk-4.5-linux64/arm-cs-tools/bin/../lib/gcc/arm-none-eabi/4.7.2/thumb2/libgcc.a(_divdi3.o)
 .data          0x000000000000446c        0x0 /home/will/pebble-dev/pebble-sdk-4.5-linux64/arm-cs-tools/bin/../lib/gcc/arm-none-eabi/4.7.2/thumb2/libgcc.a(_udivdi3.o)
 .data          0x000000000000446c        0x0 /home/will/pebble-dev/pebble-sdk-4.5-linux64/arm-cs-tools/bin/../lib/gcc/arm-none-eabi/4.7.2/thumb2/libgcc.a(_udivsi3.o)
 .data          0x000000000000446c        0x0 /home/will/pebble-dev/pebble-sdk-4.5-linux64/arm-cs-tools/bin/../lib/gcc/arm-none-eabi/4.7.2/thumb2/crtend.o
 .data          0x000000000000446c        0x0 /home/will/pebble-dev/pebble-sdk-4.5-linux64/arm-cs-tools/bin/../lib/gcc/arm-none-eabi/4.7.2/thumb2/crtn.o
 *(.data.*)
 .data.rel.ro.local.s_window_handlers.8464
                0x000000000000446c       0x10 src/simply/simply_menu.c.10.o
 .data.s_normal_palette
                0x000000000000447c        0x2 src/simply/simply_menu.c.10.o
 .data.s_inverted_palette
                0x000000000000447e        0x2 src/simply/simply_menu.c.10.o
 .data.rel.ro.local.s_window_handlers.8505
                0x0000000000004480       0x10 src/simply/simply_stage.c.10.o
 .data.rel.ro.implementation.8379
                0x0000000000004490       0x14 src/simply/simply_stage.c.10.o
 .data.rel.ro.local.s_window_handlers.8246
                0x00000000000044a4       0x10 src/simply/simply_ui.c.10.o
 .data.rel.ro.local.STYLES
                0x00000000000044b4       0x5f src/simply/simply_ui.c.10.o
 .data.s_button_palette
                0x0000000000004513        0x2 src/simply/simply_window.c.10.o
 .data.s_broadcast_window
                0x0000000000004515        0x1 src/simply/simply_window_stack.c.10.o

.igot.plt       0x0000000000004518        0x0
 .igot.plt      0x0000000000000000        0x0 /home/will/pebble-dev/pebble-sdk-4.5-linux64/arm-cs-tools/bin/../lib/gcc/arm-none-eabi/4.7.2/thumb2/crtbegin.o

.bss            0x0000000000004518      0x118
 *(.bss)
 *(.bss.*)
 .bss.s_accel   0x0000000000004518        0x4 src/simply/simply_accel.c.10.o
 .bss.s_provider.8020
                0x000000000000451c        0x4 src/simply/simply_menu.c.10.o
 .bss.s_has_communicated
                0x0000000000004520        0x1 src/simply/simply_msg.c.10.o
 *fill*         0x0000000000004521        0x3 
 .bss.s_msg     0x0000000000004524        0x4 src/simply/simply_msg.c.10.o
 .bss.time_text.8266
                0x0000000000004528      0x100 src/simply/simply_stage.c.10.o
 .bss.s_voice   0x0000000000004628        0x4 src/simply/simply_voice.c.10.o
 .bss.s_provider.8024
                0x000000000000462c        0x4 src/simply/simply_window.c.10.o

DISCARD
 libc.a(*)
 libm.a(*)
 libgcc.a(*)
 *(.eh_frame)
OUTPUT(/media/will/2f23e942-b720-4a09-859c-10b67685024c/home/will/Documents/pebble/wordle/build/basalt/pebble-app.elf elf32-littlearm)

.ARM.attributes
                0x0000000000000000       0x27
 .ARM.attributes
                0x0000000000000000       0x19 /home/will/pebble-dev/pebble-sdk-4.5-linux64/arm-cs-tools/bin/../lib/gcc/arm-none-eabi/4.7.2/thumb2/crti.o
 .ARM.attributes
                0x0000000000000019       0x29 /home/will/pebble-dev/pebble-sdk-4.5-linux64/arm-cs-tools/bin/../lib/gcc/arm-none-eabi/4.7.2/thumb2/crtbegin.o
 .ARM.attributes
                0x0000000000000042       0x33 src/main.c.10.o
 .ARM.attributes
                0x0000000000000075       0x33 src/simply/simply.c.10.o
 .ARM.attributes
                0x00000000000000a8       0x33 src/simply/simply_accel.c.10.o
 .ARM.attributes
                0x00000000000000db       0x33 src/simply/simply_menu.c.10.o
 .ARM.attributes
                0x000000000000010e       0x33 src/simply/simply_msg.c.10.o
 .ARM.attributes
                0x0000000000000141       0x33 src/simply/simply_res.c.10.o
 .ARM.attributes
                0x0000000000000174       0x33 src/simply/simply_splash.c.10.o
 .ARM.attributes
                0x00000000000001a7       0x33 src/simply/simply_stage.c.10.o
 .ARM.attributes
                0x00000000000001da       0x33 src/simply/simply_ui.c.10.o
 .ARM.attributes
                0x000000000000020d       0x33 src/simply/simply_voice.c.10.o
 .ARM.attributes
                0x0000000000000240       0x33 src/simply/simply_wakeup.c.10.o
 .ARM.attributes
                0x0000000000000273       0x33 src/simply/simply_window.c.10.o
 .ARM.attributes
                0x00000000000002a6       0x33 src/simply/simply_window_stack.c.10.o
 .ARM.attributes
                0x00000000000002d9       0x33 basalt/appinfo.auto.c.10.o
 .ARM.attributes
                0x000000000000030c       0x33 basalt/src/resource_ids.auto.c.10.o
 .ARM.attributes
                0x000000000000033f       0x21 /home/will/.pebble-sdk/SDKs/current/sdk-core/pebble/basalt/lib/libpebble.a(tmpFRPTsFpebble.o)
 .ARM.attributes
                0x0000000000000360       0x19 /home/will/pebble-dev/pebble-sdk-4.5-linux64/arm-cs-tools/bin/../lib/gcc/arm-none-eabi/4.7.2/thumb2/libgcc.a(_aeabi_ldivmod.o)
 .ARM.attributes
                0x0000000000000379       0x29 /home/will/pebble-dev/pebble-sdk-4.5-linux64/arm-cs-tools/bin/../lib/gcc/arm-none-eabi/4.7.2/thumb2/libgcc.a(bpabi.o)
 .ARM.attributes
                0x00000000000003a2       0x19 /home/will/pebble-dev/pebble-sdk-4.5-linux64/arm-cs-tools/bin/../lib/gcc/arm-none-eabi/4.7.2/thumb2/libgcc.a(_dvmd_tls.o)
 .ARM.attributes
                0x00000000000003bb       0x29 /home/will/pebble-dev/pebble-sdk-4.5-linux64/arm-cs-tools/bin/../lib/gcc/arm-none-eabi/4.7.2/thumb2/libgcc.a(_divdi3.o)
 .ARM.attributes
                0x00000000000003e4       0x29 /home/will/pebble-dev/pebble-sdk-4.5-linux64/arm-cs-tools/bin/../lib/gcc/arm-none-eabi/4.7.2/thumb2/libgcc.a(_udivdi3.o)
 .ARM.attributes
                0x000000000000040d       0x19 /home/will/pebble-dev/pebble-sdk-4.5-linux64/arm-cs-tools/bin/../lib/gcc/arm-none-eabi/4.7.2/thumb2/libgcc.a(_udivsi3.o)
 .ARM.attributes
                0x0000000000000426       0x29 /home/will/pebble-dev/pebble-sdk-4.5-linux64/arm-cs-tools/bin/../lib/gcc/arm-none-eabi/4.7.2/thumb2/crtend.o
 .ARM.attributes
                0x000000000000044f       0x19 /home/will/pebble-dev/pebble-sdk-4.5-linux64/arm-cs-tools/bin/../lib/gcc/arm-none-eabi/4.7.2/thumb2/crtn.o

.comment        0x0000000000000000       0x4e
 .comment       0x0000000000000000       0x4e /home/will/pebble-dev/pebble-sdk-4.5-linux64/arm-cs-tools/bin/../lib/gcc/arm-none-eabi/4.7.2/thumb2/crtbegin.o
                                         0x4f (size before relaxing)
 .comment       0x0000000000000000       0x4f src/main.c.10.o
 .comment       0x0000000000000000       0x4f src/simply/simply.c.10.o
 .comment       0x0000000000000000       0x4f src/simply/simply_accel.c.10.o
 .comment       0x0000000000000000       0x4f src/simply/simply_menu.c.10.o
 .comment       0x0000000000000000       0x4f src/simply/simply_msg.c.10.o
 .comment       0x0000000000000000       0x4f src/simply/simply_res.c.10.o
 .comment       0x0000000000000000       0x4f src/simply/simply_splash.c.10.o
 .comment       0x0000000000000000       0x4f src/simply/simply_stage.c.10.o
 .comment       0x0000000000000000       0x4f src/simply/simply_ui.c.10.o
 .comment       0x0000000000000000       0x4f src/simply/simply_voice.c.10.o
 .comment       0x0000000000000000       0x4f src/simply/simply_wakeup.c.10.o
 .comment       0x0000000000000000       0x4f src/simply/simply_window.c.10.o
 .comment       0x0000000000000000       0x4f src/simply/simply_window_stack.c.10.o
 .comment       0x0000000000000000       0x4f basalt/appinfo.auto.c.10.o
 .comment       0x0000000000000000       0x4f basalt/src/resource_ids.auto.c.10.o
 .comment       0x0000000000000000       0x4f /home/will/pebble-dev/pebble-sdk-4.5-linux64/arm-cs-tools/bin/../lib/gcc/arm-none-eabi/4.7.2/thumb2/libgcc.a(bpabi.o)
 .comment       0x0000000000000000       0x4f /home/will/pebble-dev/pebble-sdk-4.5-linux64/arm-cs-tools/bin/../lib/gcc/arm-none-eabi/4.7.2/thumb2/libgcc.a(_divdi3.o)
 .comment       0x0000000000000000       0x4f /home/will/pebble-dev/pebble-sdk-4.5-linux64/arm-cs-tools/bin/../lib/gcc/arm-none-eabi/4.7.2/thumb2/libgcc.a(_udivdi3.o)
 .comment       0x0000000000000000       0x4f /home/will/pebble-dev/pebble-sdk-4.5-linux64/arm-cs-tools/bin/../lib/gcc/arm-none-eabi/4.7.2/thumb2/crtend.o

.debug_info     0x0000000000000000    0x16e5b
 .debug_info    0x0000000000000000      0x256 src/main.c.10.o
 .debug_info    0x0000000000000256      0xd26 src/simply/simply.c.10.o
 .debug_info    0x0000000000000f7c      0xd76 src/simply/simply_accel.c.10.o
 .debug_info    0x0000000000001cf2     0x41a2 src/simply/simply_menu.c.10.o
 .debug_info    0x0000000000005e94     0x24e1 src/simply/simply_msg.c.10.o
 .debug_info    0x0000000000008375     0x13d4 src/simply/simply_res.c.10.o
 .debug_info    0x0000000000009749      0x8b5 src/simply/simply_splash.c.10.o
 .debug_info    0x0000000000009ffe     0x466f src/simply/simply_stage.c.10.o
 .debug_info    0x000000000000e66d     0x2732 src/simply/simply_ui.c.10.o
 .debug_info    0x0000000000010d9f      0xaba src/simply/simply_voice.c.10.o
 .debug_info    0x0000000000011859      0xba7 src/simply/simply_wakeup.c.10.o
 .debug_info    0x0000000000012400     0x258d src/simply/simply_window.c.10.o
 .debug_info    0x000000000001498d     0x105b src/simply/simply_window_stack.c.10.o
 .debug_info    0x00000000000159e8      0x349 basalt/appinfo.auto.c.10.o
 .debug_info    0x0000000000015d31       0xb7 basalt/src/resource_ids.auto.c.10.o
 .debug_info    0x0000000000015de8       0xb2 /home/will/pebble-dev/pebble-sdk-4.5-linux64/arm-cs-tools/bin/../lib/gcc/arm-none-eabi/4.7.2/thumb2/libgcc.a(_aeabi_ldivmod.o)
 .debug_info    0x0000000000015e9a      0x174 /home/will/pebble-dev/pebble-sdk-4.5-linux64/arm-cs-tools/bin/../lib/gcc/arm-none-eabi/4.7.2/thumb2/libgcc.a(bpabi.o)
 .debug_info    0x000000000001600e       0xb6 /home/will/pebble-dev/pebble-sdk-4.5-linux64/arm-cs-tools/bin/../lib/gcc/arm-none-eabi/4.7.2/thumb2/libgcc.a(_dvmd_tls.o)
 .debug_info    0x00000000000160c4      0x68f /home/will/pebble-dev/pebble-sdk-4.5-linux64/arm-cs-tools/bin/../lib/gcc/arm-none-eabi/4.7.2/thumb2/libgcc.a(_divdi3.o)
 .debug_info    0x0000000000016753      0x652 /home/will/pebble-dev/pebble-sdk-4.5-linux64/arm-cs-tools/bin/../lib/gcc/arm-none-eabi/4.7.2/thumb2/libgcc.a(_udivdi3.o)
 .debug_info    0x0000000000016da5       0xb6 /home/will/pebble-dev/pebble-sdk-4.5-linux64/arm-cs-tools/bin/../lib/gcc/arm-none-eabi/4.7.2/thumb2/libgcc.a(_udivsi3.o)

.debug_abbrev   0x0000000000000000     0x379b
 .debug_abbrev  0x0000000000000000      0x14d src/main.c.10.o
 .debug_abbrev  0x000000000000014d      0x28b src/simply/simply.c.10.o
 .debug_abbrev  0x00000000000003d8      0x354 src/simply/simply_accel.c.10.o
 .debug_abbrev  0x000000000000072c      0x5e0 src/simply/simply_menu.c.10.o
 .debug_abbrev  0x0000000000000d0c      0x58d src/simply/simply_msg.c.10.o
 .debug_abbrev  0x0000000000001299      0x449 src/simply/simply_res.c.10.o
 .debug_abbrev  0x00000000000016e2      0x2b4 src/simply/simply_splash.c.10.o
 .debug_abbrev  0x0000000000001996      0x5a9 src/simply/simply_stage.c.10.o
 .debug_abbrev  0x0000000000001f3f      0x532 src/simply/simply_ui.c.10.o
 .debug_abbrev  0x0000000000002471      0x2e9 src/simply/simply_voice.c.10.o
 .debug_abbrev  0x000000000000275a      0x30b src/simply/simply_wakeup.c.10.o
 .debug_abbrev  0x0000000000002a65      0x4e3 src/simply/simply_window.c.10.o
 .debug_abbrev  0x0000000000002f48      0x3e2 src/simply/simply_window_stack.c.10.o
 .debug_abbrev  0x000000000000332a       0x9e basalt/appinfo.auto.c.10.o
 .debug_abbrev  0x00000000000033c8       0x44 basalt/src/resource_ids.auto.c.10.o
 .debug_abbrev  0x000000000000340c       0x14 /home/will/pebble-dev/pebble-sdk-4.5-linux64/arm-cs-tools/bin/../lib/gcc/arm-none-eabi/4.7.2/thumb2/libgcc.a(_aeabi_ldivmod.o)
 .debug_abbrev  0x0000000000003420       0xb7 /home/will/pebble-dev/pebble-sdk-4.5-linux64/arm-cs-tools/bin/../lib/gcc/arm-none-eabi/4.7.2/thumb2/libgcc.a(bpabi.o)
 .debug_abbrev  0x00000000000034d7       0x14 /home/will/pebble-dev/pebble-sdk-4.5-linux64/arm-cs-tools/bin/../lib/gcc/arm-none-eabi/4.7.2/thumb2/libgcc.a(_dvmd_tls.o)
 .debug_abbrev  0x00000000000034eb      0x151 /home/will/pebble-dev/pebble-sdk-4.5-linux64/arm-cs-tools/bin/../lib/gcc/arm-none-eabi/4.7.2/thumb2/libgcc.a(_divdi3.o)
 .debug_abbrev  0x000000000000363c      0x14b /home/will/pebble-dev/pebble-sdk-4.5-linux64/arm-cs-tools/bin/../lib/gcc/arm-none-eabi/4.7.2/thumb2/libgcc.a(_udivdi3.o)
 .debug_abbrev  0x0000000000003787       0x14 /home/will/pebble-dev/pebble-sdk-4.5-linux64/arm-cs-tools/bin/../lib/gcc/arm-none-eabi/4.7.2/thumb2/libgcc.a(_udivsi3.o)

.debug_loc      0x0000000000000000     0xa14e
 .debug_loc     0x0000000000000000       0x3e src/main.c.10.o
 .debug_loc     0x000000000000003e       0x7c src/simply/simply.c.10.o
 .debug_loc     0x00000000000000ba      0x4dc src/simply/simply_accel.c.10.o
 .debug_loc     0x0000000000000596     0x1dc1 src/simply/simply_menu.c.10.o
 .debug_loc     0x0000000000002357      0xbc5 src/simply/simply_msg.c.10.o
 .debug_loc     0x0000000000002f1c      0xccb src/simply/simply_res.c.10.o
 .debug_loc     0x0000000000003be7      0x1ec src/simply/simply_splash.c.10.o
 .debug_loc     0x0000000000003dd3     0x1796 src/simply/simply_stage.c.10.o
 .debug_loc     0x0000000000005569     0x115a src/simply/simply_ui.c.10.o
 .debug_loc     0x00000000000066c3      0x3a4 src/simply/simply_voice.c.10.o
 .debug_loc     0x0000000000006a67      0x340 src/simply/simply_wakeup.c.10.o
 .debug_loc     0x0000000000006da7      0xdfa src/simply/simply_window.c.10.o
 .debug_loc     0x0000000000007ba1      0x6aa src/simply/simply_window_stack.c.10.o
 .debug_loc     0x000000000000824b       0xe0 /home/will/pebble-dev/pebble-sdk-4.5-linux64/arm-cs-tools/bin/../lib/gcc/arm-none-eabi/4.7.2/thumb2/libgcc.a(bpabi.o)
 .debug_loc     0x000000000000832b      0xebd /home/will/pebble-dev/pebble-sdk-4.5-linux64/arm-cs-tools/bin/../lib/gcc/arm-none-eabi/4.7.2/thumb2/libgcc.a(_divdi3.o)
 .debug_loc     0x00000000000091e8      0xf66 /home/will/pebble-dev/pebble-sdk-4.5-linux64/arm-cs-tools/bin/../lib/gcc/arm-none-eabi/4.7.2/thumb2/libgcc.a(_udivdi3.o)

.debug_aranges  0x0000000000000000      0x770
 .debug_aranges
                0x0000000000000000       0x20 src/main.c.10.o
 .debug_aranges
                0x0000000000000020       0x28 src/simply/simply.c.10.o
 .debug_aranges
                0x0000000000000048       0x50 src/simply/simply_accel.c.10.o
 .debug_aranges
                0x0000000000000098      0x130 src/simply/simply_menu.c.10.o
 .debug_aranges
                0x00000000000001c8       0x88 src/simply/simply_msg.c.10.o
 .debug_aranges
                0x0000000000000250       0xb0 src/simply/simply_res.c.10.o
 .debug_aranges
                0x0000000000000300       0x40 src/simply/simply_splash.c.10.o
 .debug_aranges
                0x0000000000000340       0xe0 src/simply/simply_stage.c.10.o
 .debug_aranges
                0x0000000000000420       0x98 src/simply/simply_ui.c.10.o
 .debug_aranges
                0x00000000000004b8       0x50 src/simply/simply_voice.c.10.o
 .debug_aranges
                0x0000000000000508       0x38 src/simply/simply_wakeup.c.10.o
 .debug_aranges
                0x0000000000000540       0xd0 src/simply/simply_window.c.10.o
 .debug_aranges
                0x0000000000000610       0x70 src/simply/simply_window_stack.c.10.o
 .debug_aranges
                0x0000000000000680       0x18 basalt/appinfo.auto.c.10.o
 .debug_aranges
                0x0000000000000698       0x18 basalt/src/resource_ids.auto.c.10.o
 .debug_aranges
                0x00000000000006b0       0x20 /home/will/pebble-dev/pebble-sdk-4.5-linux64/arm-cs-tools/bin/../lib/gcc/arm-none-eabi/4.7.2/thumb2/libgcc.a(_aeabi_ldivmod.o)
 .debug_aranges
                0x00000000000006d0       0x20 /home/will/pebble-dev/pebble-sdk-4.5-linux64/arm-cs-tools/bin/../lib/gcc/arm-none-eabi/4.7.2/thumb2/libgcc.a(bpabi.o)
 .debug_aranges
                0x00000000000006f0       0x20 /home/will/pebble-dev/pebble-sdk-4.5-linux64/arm-cs-tools/bin/../lib/gcc/arm-none-eabi/4.7.2/thumb2/libgcc.a(_dvmd_tls.o)
 .debug_aranges
                0x0000000000000710       0x20 /home/will/pebble-dev/pebble-sdk-4.5-linux64/arm-cs-tools/bin/../lib/gcc/arm-none-eabi/4.7.2/thumb2/libgcc.a(_divdi3.o)
 .debug_aranges
                0x0000000000000730       0x20 /home/will/pebble-dev/pebble-sdk-4.5-linux64/arm-cs-tools/bin/../lib/gcc/arm-none-eabi/4.7.2/thumb2/libgcc.a(_udivdi3.o)
 .debug_aranges
                0x0000000000000750       0x20 /home/will/pebble-dev/pebble-sdk-4.5-linux64/arm-cs-tools/bin/../lib/gcc/arm-none-eabi/4.7.2/thumb2/libgcc.a(_udivsi3.o)

.debug_ranges   0x0000000000000000     0x1338
 .debug_ranges  0x0000000000000000       0x10 src/main.c.10.o
 .debug_ranges  0x0000000000000010       0x18 src/simply/simply.c.10.o
 .debug_ranges  0x0000000000000028       0x88 src/simply/simply_accel.c.10.o
 .debug_ranges  0x00000000000000b0      0x360 src/simply/simply_menu.c.10.o
 .debug_ranges  0x0000000000000410      0x350 src/simply/simply_msg.c.10.o
 .debug_ranges  0x0000000000000760       0xe8 src/simply/simply_res.c.10.o
 .debug_ranges  0x0000000000000848       0x30 src/simply/simply_splash.c.10.o
 .debug_ranges  0x0000000000000878      0x450 src/simply/simply_stage.c.10.o
 .debug_ranges  0x0000000000000cc8      0x210 src/simply/simply_ui.c.10.o
 .debug_ranges  0x0000000000000ed8       0x40 src/simply/simply_voice.c.10.o
 .debug_ranges  0x0000000000000f18       0x58 src/simply/simply_wakeup.c.10.o
 .debug_ranges  0x0000000000000f70      0x108 src/simply/simply_window.c.10.o
 .debug_ranges  0x0000000000001078       0xc0 src/simply/simply_window_stack.c.10.o
 .debug_ranges  0x0000000000001138      0x108 /home/will/pebble-dev/pebble-sdk-4.5-linux64/arm-cs-tools/bin/../lib/gcc/arm-none-eabi/4.7.2/thumb2/libgcc.a(_divdi3.o)
 .debug_ranges  0x0000000000001240       0xf8 /home/will/pebble-dev/pebble-sdk-4.5-linux64/arm-cs-tools/bin/../lib/gcc/arm-none-eabi/4.7.2/thumb2/libgcc.a(_udivdi3.o)

.debug_line     0x0000000000000000     0x3f6a
 .debug_line    0x0000000000000000       0xaa src/main.c.10.o
 .debug_line    0x00000000000000aa      0x300 src/simply/simply.c.10.o
 .debug_line    0x00000000000003aa      0x2fd src/simply/simply_accel.c.10.o
 .debug_line    0x00000000000006a7      0x94b src/simply/simply_menu.c.10.o
 .debug_line    0x0000000000000ff2      0x54d src/simply/simply_msg.c.10.o
 .debug_line    0x000000000000153f      0x4d2 src/simply/simply_res.c.10.o
 .debug_line    0x0000000000001a11      0x225 src/simply/simply_splash.c.10.o
 .debug_line    0x0000000000001c36      0x7f9 src/simply/simply_stage.c.10.o
 .debug_line    0x000000000000242f      0x5ff src/simply/simply_ui.c.10.o
 .debug_line    0x0000000000002a2e      0x2fb src/simply/simply_voice.c.10.o
 .debug_line    0x0000000000002d29      0x340 src/simply/simply_wakeup.c.10.o
 .debug_line    0x0000000000003069      0x5d5 src/simply/simply_window.c.10.o
 .debug_line    0x000000000000363e      0x39f src/simply/simply_window_stack.c.10.o
 .debug_line    0x00000000000039dd      0x11d basalt/appinfo.auto.c.10.o
 .debug_line    0x0000000000003afa       0xca basalt/src/resource_ids.auto.c.10.o
 .debug_line    0x0000000000003bc4       0x71 /home/will/pebble-dev/pebble-sdk-4.5-linux64/arm-cs-tools/bin/../lib/gcc/arm-none-eabi/4.7.2/thumb2/libgcc.a(_aeabi_ldivmod.o)
 .debug_line    0x0000000000003c35       0x71 /home/will/pebble-dev/pebble-sdk-4.5-linux64/arm-cs-tools/bin/../lib/gcc/arm-none-eabi/4.7.2/thumb2/libgcc.a(bpabi.o)
 .debug_line    0x0000000000003ca6       0x6d /home/will/pebble-dev/pebble-sdk-4.5-linux64/arm-cs-tools/bin/../lib/gcc/arm-none-eabi/4.7.2/thumb2/libgcc.a(_dvmd_tls.o)
 .debug_line    0x0000000000003d13       0xef /home/will/pebble-dev/pebble-sdk-4.5-linux64/arm-cs-tools/bin/../lib/gcc/arm-none-eabi/4.7.2/thumb2/libgcc.a(_divdi3.o)
 .debug_line    0x0000000000003e02       0xd8 /home/will/pebble-dev/pebble-sdk-4.5-linux64/arm-cs-tools/bin/../lib/gcc/arm-none-eabi/4.7.2/thumb2/libgcc.a(_udivdi3.o)
 .debug_line    0x0000000000003eda       0x90 /home/will/pebble-dev/pebble-sdk-4.5-linux64/arm-cs-tools/bin/../lib/gcc/arm-none-eabi/4.7.2/thumb2/libgcc.a(_udivsi3.o)

.debug_str      0x0000000000000000     0x5490
 .debug_str     0x0000000000000000      0x1b9 src/main.c.10.o
                                        0x1fe (size before relaxing)
 .debug_str     0x00000000000001b9      0x513 src/simply/simply.c.10.o
                                        0x7c4 (size before relaxing)
 .debug_str     0x00000000000006cc      0x6e9 src/simply/simply_accel.c.10.o
                                        0xa43 (size before relaxing)
 .debug_str     0x0000000000000db5     0x130f src/simply/simply_menu.c.10.o
                                       0x1e09 (size before relaxing)
 .debug_str     0x00000000000020c4      0x841 src/simply/simply_msg.c.10.o
                                       0x1499 (size before relaxing)
 .debug_str     0x0000000000002905      0x2fd src/simply/simply_res.c.10.o
                                        0x702 (size before relaxing)
 .debug_str     0x0000000000002c02       0xee src/simply/simply_splash.c.10.o
                                        0x44b (size before relaxing)
 .debug_str     0x0000000000002cf0      0xeb3 src/simply/simply_stage.c.10.o
                                       0x1f3c (size before relaxing)
 .debug_str     0x0000000000003ba3      0x4c9 src/simply/simply_ui.c.10.o
                                       0x16b8 (size before relaxing)
 .debug_str     0x000000000000406c      0x355 src/simply/simply_voice.c.10.o
                                        0xaf4 (size before relaxing)
 .debug_str     0x00000000000043c1      0x272 src/simply/simply_wakeup.c.10.o
                                        0x9ce (size before relaxing)
 .debug_str     0x0000000000004633      0x7ac src/simply/simply_window.c.10.o
                                       0x1625 (size before relaxing)
 .debug_str     0x0000000000004ddf      0x19c src/simply/simply_window_stack.c.10.o
                                        0xbac (size before relaxing)
 .debug_str     0x0000000000004f7b      0x2e5 basalt/appinfo.auto.c.10.o
                                        0x40a (size before relaxing)
 .debug_str     0x0000000000005260       0x90 basalt/src/resource_ids.auto.c.10.o
                                        0x182 (size before relaxing)
 .debug_str     0x00000000000052f0       0xda /home/will/pebble-dev/pebble-sdk-4.5-linux64/arm-cs-tools/bin/../lib/gcc/arm-none-eabi/4.7.2/thumb2/libgcc.a(bpabi.o)
                                        0x10b (size before relaxing)
 .debug_str     0x00000000000053ca       0xc6 /home/will/pebble-dev/pebble-sdk-4.5-linux64/arm-cs-tools/bin/../lib/gcc/arm-none-eabi/4.7.2/thumb2/libgcc.a(_divdi3.o)